Archive member included to satisfy reference by file (symbol)

/home/christopher/st/stm32cubeide_1.19.0_2/plugins/com.st.stm32cube.ide.mcu.externaltools.gnu-tools-for-stm32.13.3.rel1.linux64_1.0.0.202410170706/tools/bin/../lib/gcc/arm-none-eabi/13.3.1/../../../../arm-none-eabi/lib/thumb/v7e-m+fp/hard/libc_nano.a(libc_a-exit.o)
                              /home/christopher/st/stm32cubeide_1.19.0_2/plugins/com.st.stm32cube.ide.mcu.externaltools.gnu-tools-for-stm32.13.3.rel1.linux64_1.0.0.202410170706/tools/bin/../lib/gcc/arm-none-eabi/13.3.1/../../../../arm-none-eabi/lib/thumb/v7e-m+fp/hard/crt0.o (exit)
/home/christopher/st/stm32cubeide_1.19.0_2/plugins/com.st.stm32cube.ide.mcu.externaltools.gnu-tools-for-stm32.13.3.rel1.linux64_1.0.0.202410170706/tools/bin/../lib/gcc/arm-none-eabi/13.3.1/../../../../arm-none-eabi/lib/thumb/v7e-m+fp/hard/libc_nano.a(libc_a-findfp.o)
                              /home/christopher/st/stm32cubeide_1.19.0_2/plugins/com.st.stm32cube.ide.mcu.externaltools.gnu-tools-for-stm32.13.3.rel1.linux64_1.0.0.202410170706/tools/bin/../lib/gcc/arm-none-eabi/13.3.1/../../../../arm-none-eabi/lib/thumb/v7e-m+fp/hard/libc_nano.a(libc_a-exit.o) (__stdio_exit_handler)
/home/christopher/st/stm32cubeide_1.19.0_2/plugins/com.st.stm32cube.ide.mcu.externaltools.gnu-tools-for-stm32.13.3.rel1.linux64_1.0.0.202410170706/tools/bin/../lib/gcc/arm-none-eabi/13.3.1/../../../../arm-none-eabi/lib/thumb/v7e-m+fp/hard/libc_nano.a(libc_a-fwalk.o)
                              /home/christopher/st/stm32cubeide_1.19.0_2/plugins/com.st.stm32cube.ide.mcu.externaltools.gnu-tools-for-stm32.13.3.rel1.linux64_1.0.0.202410170706/tools/bin/../lib/gcc/arm-none-eabi/13.3.1/../../../../arm-none-eabi/lib/thumb/v7e-m+fp/hard/libc_nano.a(libc_a-findfp.o) (_fwalk_sglue)
/home/christopher/st/stm32cubeide_1.19.0_2/plugins/com.st.stm32cube.ide.mcu.externaltools.gnu-tools-for-stm32.13.3.rel1.linux64_1.0.0.202410170706/tools/bin/../lib/gcc/arm-none-eabi/13.3.1/../../../../arm-none-eabi/lib/thumb/v7e-m+fp/hard/libc_nano.a(libc_a-puts.o)
                              ./Core/Src/main.o (puts)
/home/christopher/st/stm32cubeide_1.19.0_2/plugins/com.st.stm32cube.ide.mcu.externaltools.gnu-tools-for-stm32.13.3.rel1.linux64_1.0.0.202410170706/tools/bin/../lib/gcc/arm-none-eabi/13.3.1/../../../../arm-none-eabi/lib/thumb/v7e-m+fp/hard/libc_nano.a(libc_a-snprintf.o)
                              ./Core/Src/main.o (snprintf)
/home/christopher/st/stm32cubeide_1.19.0_2/plugins/com.st.stm32cube.ide.mcu.externaltools.gnu-tools-for-stm32.13.3.rel1.linux64_1.0.0.202410170706/tools/bin/../lib/gcc/arm-none-eabi/13.3.1/../../../../arm-none-eabi/lib/thumb/v7e-m+fp/hard/libc_nano.a(libc_a-stdio.o)
                              /home/christopher/st/stm32cubeide_1.19.0_2/plugins/com.st.stm32cube.ide.mcu.externaltools.gnu-tools-for-stm32.13.3.rel1.linux64_1.0.0.202410170706/tools/bin/../lib/gcc/arm-none-eabi/13.3.1/../../../../arm-none-eabi/lib/thumb/v7e-m+fp/hard/libc_nano.a(libc_a-findfp.o) (__sread)
/home/christopher/st/stm32cubeide_1.19.0_2/plugins/com.st.stm32cube.ide.mcu.externaltools.gnu-tools-for-stm32.13.3.rel1.linux64_1.0.0.202410170706/tools/bin/../lib/gcc/arm-none-eabi/13.3.1/../../../../arm-none-eabi/lib/thumb/v7e-m+fp/hard/libc_nano.a(libc_a-wbuf.o)
                              /home/christopher/st/stm32cubeide_1.19.0_2/plugins/com.st.stm32cube.ide.mcu.externaltools.gnu-tools-for-stm32.13.3.rel1.linux64_1.0.0.202410170706/tools/bin/../lib/gcc/arm-none-eabi/13.3.1/../../../../arm-none-eabi/lib/thumb/v7e-m+fp/hard/libc_nano.a(libc_a-puts.o) (__swbuf_r)
/home/christopher/st/stm32cubeide_1.19.0_2/plugins/com.st.stm32cube.ide.mcu.externaltools.gnu-tools-for-stm32.13.3.rel1.linux64_1.0.0.202410170706/tools/bin/../lib/gcc/arm-none-eabi/13.3.1/../../../../arm-none-eabi/lib/thumb/v7e-m+fp/hard/libc_nano.a(libc_a-wsetup.o)
                              /home/christopher/st/stm32cubeide_1.19.0_2/plugins/com.st.stm32cube.ide.mcu.externaltools.gnu-tools-for-stm32.13.3.rel1.linux64_1.0.0.202410170706/tools/bin/../lib/gcc/arm-none-eabi/13.3.1/../../../../arm-none-eabi/lib/thumb/v7e-m+fp/hard/libc_nano.a(libc_a-puts.o) (__swsetup_r)
/home/christopher/st/stm32cubeide_1.19.0_2/plugins/com.st.stm32cube.ide.mcu.externaltools.gnu-tools-for-stm32.13.3.rel1.linux64_1.0.0.202410170706/tools/bin/../lib/gcc/arm-none-eabi/13.3.1/../../../../arm-none-eabi/lib/thumb/v7e-m+fp/hard/libc_nano.a(libc_a-memset.o)
                              /home/christopher/st/stm32cubeide_1.19.0_2/plugins/com.st.stm32cube.ide.mcu.externaltools.gnu-tools-for-stm32.13.3.rel1.linux64_1.0.0.202410170706/tools/bin/../lib/gcc/arm-none-eabi/13.3.1/../../../../arm-none-eabi/lib/thumb/v7e-m+fp/hard/crt0.o (memset)
/home/christopher/st/stm32cubeide_1.19.0_2/plugins/com.st.stm32cube.ide.mcu.externaltools.gnu-tools-for-stm32.13.3.rel1.linux64_1.0.0.202410170706/tools/bin/../lib/gcc/arm-none-eabi/13.3.1/../../../../arm-none-eabi/lib/thumb/v7e-m+fp/hard/libc_nano.a(libc_a-closer.o)
[...]
Memory Configuration

Name             Origin             Length             Attributes
RAM              0x20000000         0x000a0000         xrw
RAM2             0x10000000         0x00010000         xrw
RAM3             0x20040000         0x00060000         xrw
FLASH            0x08000000         0x00200000         xr
*default*        0x00000000         0xffffffff

Linker script and memory map

LOAD /home/christopher/st/stm32cubeide_1.19.0_2/plugins/com.st.stm32cube.ide.mcu.externaltools.gnu-tools-for-stm32.13.3.rel1.linux64_1.0.0.202410170706/tools/bin/../lib/gcc/arm-none-eabi/13.3.1/thumb/v7e-m+fp/hard/crti.o
LOAD /home/christopher/st/stm32cubeide_1.19.0_2/plugins/com.st.stm32cube.ide.mcu.externaltools.gnu-tools-for-stm32.13.3.rel1.linux64_1.0.0.202410170706/tools/bin/../lib/gcc/arm-none-eabi/13.3.1/thumb/v7e-m+fp/hard/crtbegin.o
LOAD /home/christopher/st/stm32cubeide_1.19.0_2/plugins/com.st.stm32cube.ide.mcu.externaltools.gnu-tools-for-stm32.13.3.rel1.linux64_1.0.0.202410170706/tools/bin/../lib/gcc/arm-none-eabi/13.3.1/../../../../arm-none-eabi/lib/thumb/v7e-m+fp/hard/crt0.o
LOAD ./Core/Src/main.o
LOAD ./Core/Src/stm32l4xx_hal_msp.o
LOAD ./Core/Src/stm32l4xx_it.o
LOAD ./Core/Src/system_stm32l4xx.o
LOAD ./Core/Startup/startup_stm32l4s5vitx.o
LOAD ./Drivers/BSP/B-L4S5I-IOT01/stm32l4s5i_iot01.o
LOAD ./Drivers/BSP/B-L4S5I-IOT01/stm32l4s5i_iot01_accelero.o
LOAD ./Drivers/BSP/B-L4S5I-IOT01/stm32l4s5i_iot01_gyro.o
LOAD ./Drivers/BSP/B-L4S5I-IOT01/stm32l4s5i_iot01_hsensor.o
LOAD ./Drivers/BSP/B-L4S5I-IOT01/stm32l4s5i_iot01_magneto.o
LOAD ./Drivers/BSP/B-L4S5I-IOT01/stm32l4s5i_iot01_psensor.o
LOAD ./Drivers/BSP/B-L4S5I-IOT01/stm32l4s5i_iot01_tsensor.o
LOAD ./Drivers/BSP/Components/cs42l51/cs42l51.o
LOAD ./Drivers/BSP/Components/cs43l22/cs43l22.o
LOAD ./Drivers/BSP/Components/cy8c4014lqi/cy8c4014lqi.o
LOAD ./Drivers/BSP/Components/ft3x67/ft3x67.o
LOAD ./Drivers/BSP/Components/ft5336/ft5336.o
LOAD ./Drivers/BSP/Components/ft6x06/ft6x06.o
LOAD ./Drivers/BSP/Components/hts221/hts221.o
LOAD ./Drivers/BSP/Components/hx8347g/hx8347g.o
LOAD ./Drivers/BSP/Components/hx8347i/hx8347i.o
LOAD ./Drivers/BSP/Components/l3gd20/l3gd20.o
LOAD ./Drivers/BSP/Components/lis3mdl/lis3mdl.o
LOAD ./Drivers/BSP/Components/lps22hb/lps22hb.o
LOAD ./Drivers/BSP/Components/ls016b8uy/ls016b8uy.o
LOAD ./Drivers/BSP/Components/lsm303c/lsm303c.o
LOAD ./Drivers/BSP/Components/lsm303dlhc/lsm303dlhc.o
LOAD ./Drivers/BSP/Components/lsm6dsl/lsm6dsl.o
LOAD ./Drivers/BSP/Components/m24sr/m24sr.o
LOAD ./Drivers/BSP/Components/mfxstm32l152/mfxstm32l152.o
LOAD ./Drivers/BSP/Components/ov9655/ov9655.o
LOAD ./Drivers/BSP/Components/st25dv/st25dv.o
LOAD ./Drivers/BSP/Components/st25dv/st25dv_reg.o
LOAD ./Drivers/BSP/Components/st7735/st7735.o
LOAD ./Drivers/BSP/Components/st7789h2/st7789h2.o
LOAD ./Drivers/BSP/Components/stmpe1600/stmpe1600.o
LOAD ./Drivers/BSP/Components/stmpe811/stmpe811.o
LOAD ./Drivers/BSP/Components/wm8994/wm8994.o
LOAD ./Drivers/STM32L4xx_HAL_Driver/Src/stm32l4xx_hal.o
LOAD ./Drivers/STM32L4xx_HAL_Driver/Src/stm32l4xx_hal_cortex.o
LOAD ./Drivers/STM32L4xx_HAL_Driver/Src/stm32l4xx_hal_dma.o
LOAD ./Drivers/STM32L4xx_HAL_Driver/Src/stm32l4xx_hal_dma_ex.o
LOAD ./Drivers/STM32L4xx_HAL_Driver/Src/stm32l4xx_hal_exti.o
LOAD ./Drivers/STM32L4xx_HAL_Driver/Src/stm32l4xx_hal_flash.o
LOAD ./Drivers/STM32L4xx_HAL_Driver/Src/stm32l4xx_hal_flash_ex.o
LOAD ./Drivers/STM32L4xx_HAL_Driver/Src/stm32l4xx_hal_flash_ramfunc.o
LOAD ./Drivers/STM32L4xx_HAL_Driver/Src/stm32l4xx_hal_gpio.o
LOAD ./Drivers/STM32L4xx_HAL_Driver/Src/stm32l4xx_hal_i2c.o
LOAD ./Drivers/STM32L4xx_HAL_Driver/Src/stm32l4xx_hal_i2c_ex.o
LOAD ./Drivers/STM32L4xx_HAL_Driver/Src/stm32l4xx_hal_pwr.o
LOAD ./Drivers/STM32L4xx_HAL_Driver/Src/stm32l4xx_hal_pwr_ex.o
LOAD ./Drivers/STM32L4xx_HAL_Driver/Src/stm32l4xx_hal_rcc.o
LOAD ./Drivers/STM32L4xx_HAL_Driver/Src/stm32l4xx_hal_rcc_ex.o
LOAD ./Drivers/STM32L4xx_HAL_Driver/Src/stm32l4xx_hal_spi.o
LOAD ./Drivers/STM32L4xx_HAL_Driver/Src/stm32l4xx_hal_spi_ex.o
LOAD ./Drivers/STM32L4xx_HAL_Driver/Src/stm32l4xx_hal_uart.o
LOAD ./Drivers/STM32L4xx_HAL_Driver/Src/stm32l4xx_hal_uart_ex.o
START GROUP
LOAD /home/christopher/st/stm32cubeide_1.19.0_2/plugins/com.st.stm32cube.ide.mcu.externaltools.gnu-tools-for-stm32.13.3.rel1.linux64_1.0.0.202410170706/tools/bin/../lib/gcc/arm-none-eabi/13.3.1/../../../../arm-none-eabi/lib/thumb/v7e-m+fp/hard/libc_nano.a
LOAD /home/christopher/st/stm32cubeide_1.19.0_2/plugins/com.st.stm32cube.ide.mcu.externaltools.gnu-tools-for-stm32.13.3.rel1.linux64_1.0.0.202410170706/tools/bin/../lib/gcc/arm-none-eabi/13.3.1/../../../../arm-none-eabi/lib/thumb/v7e-m+fp/hard/libm.a
END GROUP
START GROUP
LOAD /home/christopher/st/stm32cubeide_1.19.0_2/plugins/com.st.stm32cube.ide.mcu.externaltools.gnu-tools-for-stm32.13.3.rel1.linux64_1.0.0.202410170706/tools/bin/../lib/gcc/arm-none-eabi/13.3.1/thumb/v7e-m+fp/hard/libgcc.a
LOAD /home/christopher/st/stm32cubeide_1.19.0_2/plugins/com.st.stm32cube.ide.mcu.externaltools.gnu-tools-for-stm32.13.3.rel1.linux64_1.0.0.202410170706/tools/bin/../lib/gcc/arm-none-eabi/13.3.1/../../../../arm-none-eabi/lib/thumb/v7e-m+fp/hard/libc_nano.a
END GROUP
START GROUP
LOAD /home/christopher/st/stm32cubeide_1.19.0_2/plugins/com.st.stm32cube.ide.mcu.externaltools.gnu-tools-for-stm32.13.3.rel1.linux64_1.0.0.202410170706/tools/bin/../lib/gcc/arm-none-eabi/13.3.1/thumb/v7e-m+fp/hard/libgcc.a
LOAD /home/christopher/st/stm32cubeide_1.19.0_2/plugins/com.st.stm32cube.ide.mcu.externaltools.gnu-tools-for-stm32.13.3.rel1.linux64_1.0.0.202410170706/tools/bin/../lib/gcc/arm-none-eabi/13.3.1/../../../../arm-none-eabi/lib/thumb/v7e-m+fp/hard/libc_nano.a
LOAD /home/christopher/st/stm32cubeide_1.19.0_2/plugins/com.st.stm32cube.ide.mcu.externaltools.gnu-tools-for-stm32.13.3.rel1.linux64_1.0.0.202410170706/tools/bin/../lib/gcc/arm-none-eabi/13.3.1/../../../../arm-none-eabi/lib/thumb/v7e-m+fp/hard/libnosys.a
END GROUP
START GROUP
LOAD /home/christopher/st/stm32cubeide_1.19.0_2/plugins/com.st.stm32cube.ide.mcu.externaltools.gnu-tools-for-stm32.13.3.rel1.linux64_1.0.0.202410170706/tools/bin/../lib/gcc/arm-none-eabi/13.3.1/thumb/v7e-m+fp/hard/libgcc.a
LOAD /home/christopher/st/stm32cubeide_1.19.0_2/plugins/com.st.stm32cube.ide.mcu.externaltools.gnu-tools-for-stm32.13.3.rel1.linux64_1.0.0.202410170706/tools/bin/../lib/gcc/arm-none-eabi/13.3.1/../../../../arm-none-eabi/lib/thumb/v7e-m+fp/hard/libc_nano.a
LOAD /home/christopher/st/stm32cubeide_1.19.0_2/plugins/com.st.stm32cube.ide.mcu.externaltools.gnu-tools-for-stm32.13.3.rel1.linux64_1.0.0.202410170706/tools/bin/../lib/gcc/arm-none-eabi/13.3.1/../../../../arm-none-eabi/lib/thumb/v7e-m+fp/hard/libnosys.a
END GROUP
LOAD /home/christopher/st/stm32cubeide_1.19.0_2/plugins/com.st.stm32cube.ide.mcu.externaltools.gnu-tools-for-stm32.13.3.rel1.linux64_1.0.0.202410170706/tools/bin/../lib/gcc/arm-none-eabi/13.3.1/thumb/v7e-m+fp/hard/crtend.o
LOAD /home/christopher/st/stm32cubeide_1.19.0_2/plugins/com.st.stm32cube.ide.mcu.externaltools.gnu-tools-for-stm32.13.3.rel1.linux64_1.0.0.202410170706/tools/bin/../lib/gcc/arm-none-eabi/13.3.1/thumb/v7e-m+fp/hard/crtn.o
                0x200a0000                        _estack = (ORIGIN (RAM) + LENGTH (RAM))
                0x00000200                        _Min_Heap_Size = 0x200
                0x00000400                        _Min_Stack_Size = 0x400

.isr_vector     0x08000000      0x1bc
                0x08000000                        . = ALIGN (0x4)
 *(.isr_vector)
 .isr_vector    0x08000000      0x1bc ./Core/Startup/startup_stm32l4s5vitx.o
                0x08000000                g_pfnVectors
                0x080001bc                        . = ALIGN (0x4)

.text           0x080001c0     0x613c
                0x080001c0                        . = ALIGN (0x4)
 *(.text)
 .text          0x080001c0       0x40 /home/christopher/st/stm32cubeide_1.19.0_2/plugins/com.st.stm32cube.ide.mcu.externaltools.gnu-tools-for-stm32.13.3.rel1.linux64_1.0.0.202410170706/tools/bin/../lib/gcc/arm-none-eabi/13.3.1/thumb/v7e-m+fp/hard/crtbegin.o
 .text          0x08000200       0x10 /home/christopher/st/stm32cubeide_1.19.0_2/plugins/com.st.stm32cube.ide.mcu.externaltools.gnu-tools-for-stm32.13.3.rel1.linux64_1.0.0.202410170706/tools/bin/../lib/gcc/arm-none-eabi/13.3.1/../../../../arm-none-eabi/lib/thumb/v7e-m+fp/hard/libc_nano.a(libc_a-strlen.o)
                0x08000200                strlen
 .text          0x08000210       0xa0 /home/christopher/st/stm32cubeide_1.19.0_2/plugins/com.st.stm32cube.ide.mcu.externaltools.gnu-tools-for-stm32.13.3.rel1.linux64_1.0.0.202410170706/tools/bin/../lib/gcc/arm-none-eabi/13.3.1/../../../../arm-none-eabi/lib/thumb/v7e-m+fp/hard/libc_nano.a(libc_a-memchr.o)
                0x08000210                memchr
 .text          0x080002b0       0x30 /home/christopher/st/stm32cubeide_1.19.0_2/plugins/com.st.stm32cube.ide.mcu.externaltools.gnu-tools-for-stm32.13.3.rel1.linux64_1.0.0.202410170706/tools/bin/../lib/gcc/arm-none-eabi/13.3.1/thumb/v7e-m+fp/hard/libgcc.a(_aeabi_uldivmod.o)
                0x080002b0                __aeabi_uldivmod
 .text          0x080002e0      0x2f8 /home/christopher/st/stm32cubeide_1.19.0_2/plugins/com.st.stm32cube.ide.mcu.externaltools.gnu-tools-for-stm32.13.3.rel1.linux64_1.0.0.202410170706/tools/bin/../lib/gcc/arm-none-eabi/13.3.1/thumb/v7e-m+fp/hard/libgcc.a(_udivmoddi4.o)
                0x080002e0                __udivmoddi4
 .text          0x080005d8        0x4 /home/christopher/st/stm32cubeide_1.19.0_2/plugins/com.st.stm32cube.ide.mcu.externaltools.gnu-tools-for-stm32.13.3.rel1.linux64_1.0.0.202410170706/tools/bin/../lib/gcc/arm-none-eabi/13.3.1/thumb/v7e-m+fp/hard/libgcc.a(_dvmd_tls.o)
                0x080005d8                __aeabi_ldiv0
                0x080005d8                __aeabi_idiv0
 *(.text*)
 .text._write   0x080005dc       0x2c ./Core/Src/main.o
                0x080005dc                _write
 .text._read    0x08000608       0x1a ./Core/Src/main.o
                0x08000608                _read
 .text._close   0x08000622       0x18 ./Core/Src/main.o
                0x08000622                _close
 .text._lseek   0x0800063a       0x1a ./Core/Src/main.o
                0x0800063a                _lseek
 .text._fstat   0x08000654       0x18 ./Core/Src/main.o
                0x08000654                _fstat
 .text._isatty  0x0800066c       0x16 ./Core/Src/main.o
                0x0800066c                _isatty
 *fill*         0x08000682        0x2 
 .text.UART_Print
                0x08000684       0x2c ./Core/Src/main.o
                0x08000684                UART_Print
 .text.Accel_ReadAndUpdateReps
                0x080006b0       0xa4 ./Core/Src/main.o
                0x080006b0                Accel_ReadAndUpdateReps
 .text.HAL_GPIO_EXTI_Callback
                0x08000754       0x60 ./Core/Src/main.o
                0x08000754                HAL_GPIO_EXTI_Callback
 .text.main     0x080007b4       0x2e ./Core/Src/main.o
                0x080007b4                main
 .text.SystemClock_Config
                0x080007e2       0xa2 ./Core/Src/main.o
                0x080007e2                SystemClock_Config
 .text.MX_I2C1_Init
                0x08000884       0x80 ./Core/Src/main.o
 .text.MX_SPI3_Init
                0x08000904       0x7c ./Core/Src/main.o
 .text.MX_USART1_UART_Init
                0x08000980       0x98 ./Core/Src/main.o
 .text.MX_GPIO_Init
                0x08000a18      0x128 ./Core/Src/main.o
 .text.Error_Handler
                0x08000b40        0xc ./Core/Src/main.o
                0x08000b40                Error_Handler
 .text.HAL_MspInit
                0x08000b4c       0x48 ./Core/Src/stm32l4xx_hal_msp.o
                0x08000b4c                HAL_MspInit
 .text.HAL_I2C_MspInit
                0x08000b94       0xbc ./Core/Src/stm32l4xx_hal_msp.o
                0x08000b94                HAL_I2C_MspInit
 .text.HAL_I2C_MspDeInit
                0x08000c50       0x48 ./Core/Src/stm32l4xx_hal_msp.o
                0x08000c50                HAL_I2C_MspDeInit
 .text.HAL_SPI_MspInit
                0x08000c98       0x88 ./Core/Src/stm32l4xx_hal_msp.o
                0x08000c98                HAL_SPI_MspInit
 .text.HAL_UART_MspInit
                0x08000d20       0xbc ./Core/Src/stm32l4xx_hal_msp.o
                0x08000d20                HAL_UART_MspInit
 .text.NMI_Handler
                0x08000ddc        0x8 ./Core/Src/stm32l4xx_it.o
                0x08000ddc                NMI_Handler
 .text.HardFault_Handler
                0x08000de4        0x8 ./Core/Src/stm32l4xx_it.o
                0x08000de4                HardFault_Handler
 .text.MemManage_Handler
                0x08000dec        0x8 ./Core/Src/stm32l4xx_it.o
                0x08000dec                MemManage_Handler
 .text.BusFault_Handler
                0x08000df4        0x8 ./Core/Src/stm32l4xx_it.o
                0x08000df4                BusFault_Handler
 .text.UsageFault_Handler
                0x08000dfc        0x8 ./Core/Src/stm32l4xx_it.o
                0x08000dfc                UsageFault_Handler
 .text.SVC_Handler
                0x08000e04        0xe ./Core/Src/stm32l4xx_it.o
                0x08000e04                SVC_Handler
 .text.DebugMon_Handler
                0x08000e12        0xe ./Core/Src/stm32l4xx_it.o
                0x08000e12                DebugMon_Handler
 .text.PendSV_Handler
                0x08000e20        0xe ./Core/Src/stm32l4xx_it.o
                0x08000e20                PendSV_Handler
 .text.SysTick_Handler
                0x08000e2e        0xc ./Core/Src/stm32l4xx_it.o
                0x08000e2e                SysTick_Handler
 .text.EXTI1_IRQHandler
                0x08000e3a        0xe ./Core/Src/stm32l4xx_it.o
                0x08000e3a                EXTI1_IRQHandler
 .text.EXTI15_10_IRQHandler
                0x08000e48       0x18 ./Core/Src/stm32l4xx_it.o
                0x08000e48                EXTI15_10_IRQHandler
 .text.SystemInit
                0x08000e60       0x24 ./Core/Src/system_stm32l4xx.o
                0x08000e60                SystemInit
 .text.Reset_Handler
                0x08000e84       0x50 ./Core/Startup/startup_stm32l4s5vitx.o
                0x08000e84                Reset_Handler
 .text.Default_Handler
                0x08000ed4        0x2 ./Core/Startup/startup_stm32l4s5vitx.o
                0x08000ed4                RTC_Alarm_IRQHandler
                0x08000ed4                EXTI2_IRQHandler
                0x08000ed4                TIM8_TRG_COM_IRQHandler
                0x08000ed4                TIM8_CC_IRQHandler
                0x08000ed4                TIM1_CC_IRQHandler
                0x08000ed4                TSC_IRQHandler
                0x08000ed4                TAMP_STAMP_IRQHandler
                0x08000ed4                EXTI3_IRQHandler
                0x08000ed4                LPTIM2_IRQHandler
                0x08000ed4                DFSDM1_FLT1_IRQHandler
                0x08000ed4                GFXMMU_IRQHandler
                0x08000ed4                I2C3_ER_IRQHandler
                0x08000ed4                DFSDM1_FLT2_IRQHandler
                0x08000ed4                EXTI0_IRQHandler
                0x08000ed4                I2C2_EV_IRQHandler
                0x08000ed4                CAN1_RX0_IRQHandler
                0x08000ed4                FPU_IRQHandler
                0x08000ed4                TIM1_UP_TIM16_IRQHandler
                0x08000ed4                LTDC_ER_IRQHandler
                0x08000ed4                SPI1_IRQHandler
                0x08000ed4                OCTOSPI1_IRQHandler
                0x08000ed4                TIM6_DAC_IRQHandler
                0x08000ed4                DCMI_IRQHandler
                0x08000ed4                TIM8_UP_IRQHandler
                0x08000ed4                OCTOSPI2_IRQHandler
                0x08000ed4                DMA2_Channel2_IRQHandler
                0x08000ed4                DMA1_Channel4_IRQHandler
                0x08000ed4                SAI2_IRQHandler
                0x08000ed4                ADC1_IRQHandler
                0x08000ed4                DFSDM1_FLT3_IRQHandler
                0x08000ed4                USART3_IRQHandler
                0x08000ed4                DMA1_Channel7_IRQHandler
                0x08000ed4                CAN1_RX1_IRQHandler
                0x08000ed4                UART5_IRQHandler
                0x08000ed4                TIM4_IRQHandler
                0x08000ed4                DMA2_Channel1_IRQHandler
                0x08000ed4                I2C1_EV_IRQHandler
                0x08000ed4                DMAMUX1_OVR_IRQHandler
                0x08000ed4                DMA1_Channel6_IRQHandler
                0x08000ed4                UART4_IRQHandler
                0x08000ed4                DMA2_Channel4_IRQHandler
                0x08000ed4                TIM3_IRQHandler
                0x08000ed4                RCC_IRQHandler
                0x08000ed4                DMA1_Channel1_IRQHandler
                0x08000ed4                Default_Handler
                0x08000ed4                DMA2_Channel7_IRQHandler
                0x08000ed4                TIM7_IRQHandler
                0x08000ed4                SDMMC1_IRQHandler
                0x08000ed4                TIM5_IRQHandler
                0x08000ed4                I2C3_EV_IRQHandler
                0x08000ed4                EXTI9_5_IRQHandler
                0x08000ed4                RTC_WKUP_IRQHandler
                0x08000ed4                LTDC_IRQHandler
                0x08000ed4                PVD_PVM_IRQHandler
                0x08000ed4                SPI2_IRQHandler
                0x08000ed4                CAN1_TX_IRQHandler
                0x08000ed4                DMA2_Channel5_IRQHandler
                0x08000ed4                DMA1_Channel5_IRQHandler
                0x08000ed4                EXTI4_IRQHandler
                0x08000ed4                RNG_IRQHandler
                0x08000ed4                TIM1_TRG_COM_TIM17_IRQHandler
                0x08000ed4                DMA1_Channel3_IRQHandler
                0x08000ed4                COMP_IRQHandler
                0x08000ed4                HASH_CRS_IRQHandler
                0x08000ed4                WWDG_IRQHandler
                0x08000ed4                I2C4_EV_IRQHandler
                0x08000ed4                LPUART1_IRQHandler
                0x08000ed4                DMA2_Channel6_IRQHandler
                0x08000ed4                TIM2_IRQHandler
                0x08000ed4                DMA2D_IRQHandler
                0x08000ed4                AES_IRQHandler
                0x08000ed4                USART2_IRQHandler
                0x08000ed4                DFSDM1_FLT0_IRQHandler
                0x08000ed4                I2C2_ER_IRQHandler
                0x08000ed4                DMA1_Channel2_IRQHandler
                0x08000ed4                TIM8_BRK_IRQHandler
                0x08000ed4                CAN1_SCE_IRQHandler
                0x08000ed4                FLASH_IRQHandler
                0x08000ed4                USART1_IRQHandler
                0x08000ed4                OTG_FS_IRQHandler
                0x08000ed4                SPI3_IRQHandler
                0x08000ed4                I2C1_ER_IRQHandler
                0x08000ed4                FMC_IRQHandler
                0x08000ed4                LPTIM1_IRQHandler
                0x08000ed4                I2C4_ER_IRQHandler
                0x08000ed4                SAI1_IRQHandler
                0x08000ed4                DMA2_Channel3_IRQHandler
                0x08000ed4                TIM1_BRK_TIM15_IRQHandler
 *fill*         0x08000ed6        0x2 
 .text.I2Cx_MspInit
                0x08000ed8       0xb0 ./Drivers/BSP/B-L4S5I-IOT01/stm32l4s5i_iot01.o
 .text.I2Cx_Init
                0x08000f88       0x5c ./Drivers/BSP/B-L4S5I-IOT01/stm32l4s5i_iot01.o
 .text.I2Cx_ReadMultiple
                0x08000fe4       0x5a ./Drivers/BSP/B-L4S5I-IOT01/stm32l4s5i_iot01.o
 .text.I2Cx_WriteMultiple
                0x0800103e       0x5a ./Drivers/BSP/B-L4S5I-IOT01/stm32l4s5i_iot01.o
 .text.I2Cx_Error
                0x08001098       0x20 ./Drivers/BSP/B-L4S5I-IOT01/stm32l4s5i_iot01.o
 .text.SENSOR_IO_Init
                0x080010b8       0x14 ./Drivers/BSP/B-L4S5I-IOT01/stm32l4s5i_iot01.o
                0x080010b8                SENSOR_IO_Init
 .text.SENSOR_IO_Write
                0x080010cc       0x34 ./Drivers/BSP/B-L4S5I-IOT01/stm32l4s5i_iot01.o
                0x080010cc                SENSOR_IO_Write
 .text.SENSOR_IO_Read
                0x08001100       0x3c ./Drivers/BSP/B-L4S5I-IOT01/stm32l4s5i_iot01.o
                0x08001100                SENSOR_IO_Read
 .text.SENSOR_IO_ReadMultiple
                0x0800113c       0x3c ./Drivers/BSP/B-L4S5I-IOT01/stm32l4s5i_iot01.o
                0x0800113c                SENSOR_IO_ReadMultiple
 .text.BSP_ACCELERO_Init
                0x08001178       0x80 ./Drivers/BSP/B-L4S5I-IOT01/stm32l4s5i_iot01_accelero.o
                0x08001178                BSP_ACCELERO_Init
 .text.BSP_ACCELERO_AccGetXYZ
                0x080011f8       0x30 ./Drivers/BSP/B-L4S5I-IOT01/stm32l4s5i_iot01_accelero.o
                0x080011f8                BSP_ACCELERO_AccGetXYZ
 .text.LSM6DSL_AccInit
                0x08001228       0x72 ./Drivers/BSP/Components/lsm6dsl/lsm6dsl.o
                0x08001228                LSM6DSL_AccInit
 .text.LSM6DSL_AccDeInit
                0x0800129a       0x32 ./Drivers/BSP/Components/lsm6dsl/lsm6dsl.o
                0x0800129a                LSM6DSL_AccDeInit
 .text.LSM6DSL_AccReadID
                0x080012cc       0x16 ./Drivers/BSP/Components/lsm6dsl/lsm6dsl.o
                0x080012cc                LSM6DSL_AccReadID
 .text.LSM6DSL_AccLowPower
                0x080012e2       0x44 ./Drivers/BSP/Components/lsm6dsl/lsm6dsl.o
                0x080012e2                LSM6DSL_AccLowPower
 *fill*         0x08001326        0x2 
 .text.LSM6DSL_AccReadXYZ
                0x08001328      0x12c ./Drivers/BSP/Components/lsm6dsl/lsm6dsl.o
                0x08001328                LSM6DSL_AccReadXYZ
 .text.HAL_Init
                0x08001454       0x30 ./Drivers/STM32L4xx_HAL_Driver/Src/stm32l4xx_hal.o
                0x08001454                HAL_Init
 .text.HAL_InitTick
                0x08001484       0x78 ./Drivers/STM32L4xx_HAL_Driver/Src/stm32l4xx_hal.o
                0x08001484                HAL_InitTick
 .text.HAL_IncTick
                0x080014fc       0x28 ./Drivers/STM32L4xx_HAL_Driver/Src/stm32l4xx_hal.o
                0x080014fc                HAL_IncTick
 .text.HAL_GetTick
                0x08001524       0x18 ./Drivers/STM32L4xx_HAL_Driver/Src/stm32l4xx_hal.o
                0x08001524                HAL_GetTick
 .text.HAL_Delay
                0x0800153c       0x48 ./Drivers/STM32L4xx_HAL_Driver/Src/stm32l4xx_hal.o
                0x0800153c                HAL_Delay
 .text.__NVIC_SetPriorityGrouping
                0x08001584       0x48 ./Drivers/STM32L4xx_HAL_Driver/Src/stm32l4xx_hal_cortex.o
 .text.__NVIC_GetPriorityGrouping
                0x080015cc       0x1c ./Drivers/STM32L4xx_HAL_Driver/Src/stm32l4xx_hal_cortex.o
 .text.__NVIC_EnableIRQ
                0x080015e8       0x3c ./Drivers/STM32L4xx_HAL_Driver/Src/stm32l4xx_hal_cortex.o
 .text.__NVIC_SetPriority
                0x08001624       0x54 ./Drivers/STM32L4xx_HAL_Driver/Src/stm32l4xx_hal_cortex.o
 .text.NVIC_EncodePriority
                0x08001678       0x66 ./Drivers/STM32L4xx_HAL_Driver/Src/stm32l4xx_hal_cortex.o
 *fill*         0x080016de        0x2 
 .text.SysTick_Config
                0x080016e0       0x44 ./Drivers/STM32L4xx_HAL_Driver/Src/stm32l4xx_hal_cortex.o
 .text.HAL_NVIC_SetPriorityGrouping
                0x08001724       0x16 ./Drivers/STM32L4xx_HAL_Driver/Src/stm32l4xx_hal_cortex.o
                0x08001724                HAL_NVIC_SetPriorityGrouping
 .text.HAL_NVIC_SetPriority
                0x0800173a       0x38 ./Drivers/STM32L4xx_HAL_Driver/Src/stm32l4xx_hal_cortex.o
                0x0800173a                HAL_NVIC_SetPriority
 .text.HAL_NVIC_EnableIRQ
                0x08001772       0x1c ./Drivers/STM32L4xx_HAL_Driver/Src/stm32l4xx_hal_cortex.o
                0x08001772                HAL_NVIC_EnableIRQ
 .text.HAL_SYSTICK_Config
                0x0800178e       0x18 ./Drivers/STM32L4xx_HAL_Driver/Src/stm32l4xx_hal_cortex.o
                0x0800178e                HAL_SYSTICK_Config
 *fill*         0x080017a6        0x2 
 .text.HAL_GPIO_Init
                0x080017a8      0x324 ./Drivers/STM32L4xx_HAL_Driver/Src/stm32l4xx_hal_gpio.o
                0x080017a8                HAL_GPIO_Init
 .text.HAL_GPIO_DeInit
                0x08001acc      0x1e4 ./Drivers/STM32L4xx_HAL_Driver/Src/stm32l4xx_hal_gpio.o
                0x08001acc                HAL_GPIO_DeInit
 .text.HAL_GPIO_ReadPin
                0x08001cb0       0x30 ./Drivers/STM32L4xx_HAL_Driver/Src/stm32l4xx_hal_gpio.o
                0x08001cb0                HAL_GPIO_ReadPin
 .text.HAL_GPIO_WritePin
                0x08001ce0       0x30 ./Drivers/STM32L4xx_HAL_Driver/Src/stm32l4xx_hal_gpio.o
                0x08001ce0                HAL_GPIO_WritePin
 .text.HAL_GPIO_EXTI_IRQHandler
                0x08001d10       0x30 ./Drivers/STM32L4xx_HAL_Driver/Src/stm32l4xx_hal_gpio.o
                0x08001d10                HAL_GPIO_EXTI_IRQHandler
 .text.HAL_I2C_Init
                0x08001d40      0x136 ./Drivers/STM32L4xx_HAL_Driver/Src/stm32l4xx_hal_i2c.o
                0x08001d40                HAL_I2C_Init
 .text.HAL_I2C_DeInit
                0x08001e76       0x5e ./Drivers/STM32L4xx_HAL_Driver/Src/stm32l4xx_hal_i2c.o
                0x08001e76                HAL_I2C_DeInit
 .text.HAL_I2C_Mem_Write
                0x08001ed4      0x228 ./Drivers/STM32L4xx_HAL_Driver/Src/stm32l4xx_hal_i2c.o
                0x08001ed4                HAL_I2C_Mem_Write
 .text.HAL_I2C_Mem_Read
                0x080020fc      0x234 ./Drivers/STM32L4xx_HAL_Driver/Src/stm32l4xx_hal_i2c.o
                0x080020fc                HAL_I2C_Mem_Read
 .text.I2C_RequestMemoryWrite
                0x08002330       0xa8 ./Drivers/STM32L4xx_HAL_Driver/Src/stm32l4xx_hal_i2c.o
 .text.I2C_RequestMemoryRead
                0x080023d8       0xa8 ./Drivers/STM32L4xx_HAL_Driver/Src/stm32l4xx_hal_i2c.o
 .text.I2C_Flush_TXDR
                0x08002480       0x48 ./Drivers/STM32L4xx_HAL_Driver/Src/stm32l4xx_hal_i2c.o
 .text.I2C_WaitOnFlagUntilTimeout
                0x080024c8       0xb2 ./Drivers/STM32L4xx_HAL_Driver/Src/stm32l4xx_hal_i2c.o
 .text.I2C_WaitOnTXISFlagUntilTimeout
                0x0800257a       0x8e ./Drivers/STM32L4xx_HAL_Driver/Src/stm32l4xx_hal_i2c.o
 .text.I2C_WaitOnSTOPFlagUntilTimeout
                0x08002608       0x86 ./Drivers/STM32L4xx_HAL_Driver/Src/stm32l4xx_hal_i2c.o
 *fill*         0x0800268e        0x2 
 .text.I2C_IsErrorOccurred
                0x08002690      0x1c0 ./Drivers/STM32L4xx_HAL_Driver/Src/stm32l4xx_hal_i2c.o
 .text.I2C_TransferConfig
                0x08002850       0x64 ./Drivers/STM32L4xx_HAL_Driver/Src/stm32l4xx_hal_i2c.o
 .text.HAL_I2CEx_ConfigAnalogFilter
                0x080028b4       0x96 ./Drivers/STM32L4xx_HAL_Driver/Src/stm32l4xx_hal_i2c_ex.o
                0x080028b4                HAL_I2CEx_ConfigAnalogFilter
 .text.HAL_I2CEx_ConfigDigitalFilter
                0x0800294a       0x98 ./Drivers/STM32L4xx_HAL_Driver/Src/stm32l4xx_hal_i2c_ex.o
                0x0800294a                HAL_I2CEx_ConfigDigitalFilter
 *fill*         0x080029e2        0x2 
 .text.HAL_PWREx_GetVoltageRange
                0x080029e4       0x40 ./Drivers/STM32L4xx_HAL_Driver/Src/stm32l4xx_hal_pwr_ex.o
                0x080029e4                HAL_PWREx_GetVoltageRange
 .text.HAL_PWREx_ControlVoltageScaling
                0x08002a24      0x148 ./Drivers/STM32L4xx_HAL_Driver/Src/stm32l4xx_hal_pwr_ex.o
                0x08002a24                HAL_PWREx_ControlVoltageScaling
 .text.HAL_RCC_OscConfig
                0x08002b6c      0x834 ./Drivers/STM32L4xx_HAL_Driver/Src/stm32l4xx_hal_rcc.o
                0x08002b6c                HAL_RCC_OscConfig
 .text.HAL_RCC_ClockConfig
                0x080033a0      0x274 ./Drivers/STM32L4xx_HAL_Driver/Src/stm32l4xx_hal_rcc.o
                0x080033a0                HAL_RCC_ClockConfig
 .text.HAL_RCC_GetSysClockFreq
                0x08003614      0x118 ./Drivers/STM32L4xx_HAL_Driver/Src/stm32l4xx_hal_rcc.o
                0x08003614                HAL_RCC_GetSysClockFreq
 .text.HAL_RCC_GetHCLKFreq
                0x0800372c       0x18 ./Drivers/STM32L4xx_HAL_Driver/Src/stm32l4xx_hal_rcc.o
                0x0800372c                HAL_RCC_GetHCLKFreq
 .text.HAL_RCC_GetPCLK1Freq
                0x08003744       0x2c ./Drivers/STM32L4xx_HAL_Driver/Src/stm32l4xx_hal_rcc.o
                0x08003744                HAL_RCC_GetPCLK1Freq
 .text.HAL_RCC_GetPCLK2Freq
                0x08003770       0x2c ./Drivers/STM32L4xx_HAL_Driver/Src/stm32l4xx_hal_rcc.o
                0x08003770                HAL_RCC_GetPCLK2Freq
 .text.RCC_SetFlashLatencyFromMSIRange
                0x0800379c       0xb4 ./Drivers/STM32L4xx_HAL_Driver/Src/stm32l4xx_hal_rcc.o
 .text.RCC_GetSysClockFreqFromPLLSource
                0x08003850       0xcc ./Drivers/STM32L4xx_HAL_Driver/Src/stm32l4xx_hal_rcc.o
 .text.HAL_RCCEx_PeriphCLKConfig
                0x0800391c      0x660 ./Drivers/STM32L4xx_HAL_Driver/Src/stm32l4xx_hal_rcc_ex.o
                0x0800391c                HAL_RCCEx_PeriphCLKConfig
 .text.RCCEx_PLLSAI1_Config
                0x08003f7c      0x1e8 ./Drivers/STM32L4xx_HAL_Driver/Src/stm32l4xx_hal_rcc_ex.o
 .text.RCCEx_PLLSAI2_Config
                0x08004164      0x1e8 ./Drivers/STM32L4xx_HAL_Driver/Src/stm32l4xx_hal_rcc_ex.o
 .text.HAL_SPI_Init
                0x0800434c      0x146 ./Drivers/STM32L4xx_HAL_Driver/Src/stm32l4xx_hal_spi.o
                0x0800434c                HAL_SPI_Init
 .text.HAL_UART_Init
                0x08004492       0xa0 ./Drivers/STM32L4xx_HAL_Driver/Src/stm32l4xx_hal_uart.o
                0x08004492                HAL_UART_Init
 .text.HAL_UART_Transmit
                0x08004532      0x11c ./Drivers/STM32L4xx_HAL_Driver/Src/stm32l4xx_hal_uart.o
                0x08004532                HAL_UART_Transmit
 *fill*         0x0800464e        0x2 
 .text.UART_SetConfig
                0x08004650      0x5f8 ./Drivers/STM32L4xx_HAL_Driver/Src/stm32l4xx_hal_uart.o
                0x08004650                UART_SetConfig
 .text.UART_AdvFeatureConfig
                0x08004c48      0x144 ./Drivers/STM32L4xx_HAL_Driver/Src/stm32l4xx_hal_uart.o
                0x08004c48                UART_AdvFeatureConfig
 .text.UART_CheckIdleState
                0x08004d8c      0x154 ./Drivers/STM32L4xx_HAL_Driver/Src/stm32l4xx_hal_uart.o
                0x08004d8c                UART_CheckIdleState
 .text.UART_WaitOnFlagUntilTimeout
                0x08004ee0       0xda ./Drivers/STM32L4xx_HAL_Driver/Src/stm32l4xx_hal_uart.o
                0x08004ee0                UART_WaitOnFlagUntilTimeout
 .text.UART_EndRxTransfer
                0x08004fba       0xcc ./Drivers/STM32L4xx_HAL_Driver/Src/stm32l4xx_hal_uart.o
 .text.HAL_UARTEx_DisableFifoMode
                0x08005086       0x72 ./Drivers/STM32L4xx_HAL_Driver/Src/stm32l4xx_hal_uart_ex.o
                0x08005086                HAL_UARTEx_DisableFifoMode
 .text.HAL_UARTEx_SetTxFifoThreshold
                0x080050f8       0x7c ./Drivers/STM32L4xx_HAL_Driver/Src/stm32l4xx_hal_uart_ex.o
                0x080050f8                HAL_UARTEx_SetTxFifoThreshold
 .text.HAL_UARTEx_SetRxFifoThreshold
                0x08005174       0x7c ./Drivers/STM32L4xx_HAL_Driver/Src/stm32l4xx_hal_uart_ex.o
                0x08005174                HAL_UARTEx_SetRxFifoThreshold
 .text.UARTEx_SetNbDataToProcess
                0x080051f0       0x9c ./Drivers/STM32L4xx_HAL_Driver/Src/stm32l4xx_hal_uart_ex.o
 .text.std      0x0800528c       0x6c /home/christopher/st/stm32cubeide_1.19.0_2/plugins/com.st.stm32cube.ide.mcu.externaltools.gnu-tools-for-stm32.13.3.rel1.linux64_1.0.0.202410170706/tools/bin/../lib/gcc/arm-none-eabi/13.3.1/../../../../arm-none-eabi/lib/thumb/v7e-m+fp/hard/libc_nano.a(libc_a-findfp.o)
 .text.stdio_exit_handler
                0x080052f8       0x18 /home/christopher/st/stm32cubeide_1.19.0_2/plugins/com.st.stm32cube.ide.mcu.externaltools.gnu-tools-for-stm32.13.3.rel1.linux64_1.0.0.202410170706/tools/bin/../lib/gcc/arm-none-eabi/13.3.1/../../../../arm-none-eabi/lib/thumb/v7e-m+fp/hard/libc_nano.a(libc_a-findfp.o)
 .text.cleanup_stdio
                0x08005310       0x40 /home/christopher/st/stm32cubeide_1.19.0_2/plugins/com.st.stm32cube.ide.mcu.externaltools.gnu-tools-for-stm32.13.3.rel1.linux64_1.0.0.202410170706/tools/bin/../lib/gcc/arm-none-eabi/13.3.1/../../../../arm-none-eabi/lib/thumb/v7e-m+fp/hard/libc_nano.a(libc_a-findfp.o)
 .text.global_stdio_init.part.0
                0x08005350       0x3c /home/christopher/st/stm32cubeide_1.19.0_2/plugins/com.st.stm32cube.ide.mcu.externaltools.gnu-tools-for-stm32.13.3.rel1.linux64_1.0.0.202410170706/tools/bin/../lib/gcc/arm-none-eabi/13.3.1/../../../../arm-none-eabi/lib/thumb/v7e-m+fp/hard/libc_nano.a(libc_a-findfp.o)
 .text.__sfp_lock_acquire
                0x0800538c        0xc /home/christopher/st/stm32cubeide_1.19.0_2/plugins/com.st.stm32cube.ide.mcu.externaltools.gnu-tools-for-stm32.13.3.rel1.linux64_1.0.0.202410170706/tools/bin/../lib/gcc/arm-none-eabi/13.3.1/../../../../arm-none-eabi/lib/thumb/v7e-m+fp/hard/libc_nano.a(libc_a-findfp.o)
                0x0800538c                __sfp_lock_acquire
 .text.__sfp_lock_release
                0x08005398        0xc /home/christopher/st/stm32cubeide_1.19.0_2/plugins/com.st.stm32cube.ide.mcu.externaltools.gnu-tools-for-stm32.13.3.rel1.linux64_1.0.0.202410170706/tools/bin/../lib/gcc/arm-none-eabi/13.3.1/../../../../arm-none-eabi/lib/thumb/v7e-m+fp/hard/libc_nano.a(libc_a-findfp.o)
                0x08005398                __sfp_lock_release
 .text.__sinit  0x080053a4       0x30 /home/christopher/st/stm32cubeide_1.19.0_2/plugins/com.st.stm32cube.ide.mcu.externaltools.gnu-tools-for-stm32.13.3.rel1.linux64_1.0.0.202410170706/tools/bin/../lib/gcc/arm-none-eabi/13.3.1/../../../../arm-none-eabi/lib/thumb/v7e-m+fp/hard/libc_nano.a(libc_a-findfp.o)
                0x080053a4                __sinit
 .text._fwalk_sglue
                0x080053d4       0x3c /home/christopher/st/stm32cubeide_1.19.0_2/plugins/com.st.stm32cube.ide.mcu.externaltools.gnu-tools-for-stm32.13.3.rel1.linux64_1.0.0.202410170706/tools/bin/../lib/gcc/arm-none-eabi/13.3.1/../../../../arm-none-eabi/lib/thumb/v7e-m+fp/hard/libc_nano.a(libc_a-fwalk.o)
                0x080053d4                _fwalk_sglue
 .text._puts_r  0x08005410       0xaa /home/christopher/st/stm32cubeide_1.19.0_2/plugins/com.st.stm32cube.ide.mcu.externaltools.gnu-tools-for-stm32.13.3.rel1.linux64_1.0.0.202410170706/tools/bin/../lib/gcc/arm-none-eabi/13.3.1/../../../../arm-none-eabi/lib/thumb/v7e-m+fp/hard/libc_nano.a(libc_a-puts.o)
                0x08005410                _puts_r
 *fill*         0x080054ba        0x2 
 .text.puts     0x080054bc       0x10 /home/christopher/st/stm32cubeide_1.19.0_2/plugins/com.st.stm32cube.ide.mcu.externaltools.gnu-tools-for-stm32.13.3.rel1.linux64_1.0.0.202410170706/tools/bin/../lib/gcc/arm-none-eabi/13.3.1/../../../../arm-none-eabi/lib/thumb/v7e-m+fp/hard/libc_nano.a(libc_a-puts.o)
                0x080054bc                puts
 .text.snprintf
                0x080054cc       0x6c /home/christopher/st/stm32cubeide_1.19.0_2/plugins/com.st.stm32cube.ide.mcu.externaltools.gnu-tools-for-stm32.13.3.rel1.linux64_1.0.0.202410170706/tools/bin/../lib/gcc/arm-none-eabi/13.3.1/../../../../arm-none-eabi/lib/thumb/v7e-m+fp/hard/libc_nano.a(libc_a-snprintf.o)
                0x080054cc                snprintf
                0x080054cc                sniprintf
 .text.__sread  0x08005538       0x22 /home/christopher/st/stm32cubeide_1.19.0_2/plugins/com.st.stm32cube.ide.mcu.externaltools.gnu-tools-for-stm32.13.3.rel1.linux64_1.0.0.202410170706/tools/bin/../lib/gcc/arm-none-eabi/13.3.1/../../../../arm-none-eabi/lib/thumb/v7e-m+fp/hard/libc_nano.a(libc_a-stdio.o)
                0x08005538                __sread
 .text.__swrite
                0x0800555a       0x38 /home/christopher/st/stm32cubeide_1.19.0_2/plugins/com.st.stm32cube.ide.mcu.externaltools.gnu-tools-for-stm32.13.3.rel1.linux64_1.0.0.202410170706/tools/bin/../lib/gcc/arm-none-eabi/13.3.1/../../../../arm-none-eabi/lib/thumb/v7e-m+fp/hard/libc_nano.a(libc_a-stdio.o)
                0x0800555a                __swrite
 .text.__sseek  0x08005592       0x24 /home/christopher/st/stm32cubeide_1.19.0_2/plugins/com.st.stm32cube.ide.mcu.externaltools.gnu-tools-for-stm32.13.3.rel1.linux64_1.0.0.202410170706/tools/bin/../lib/gcc/arm-none-eabi/13.3.1/../../../../arm-none-eabi/lib/thumb/v7e-m+fp/hard/libc_nano.a(libc_a-stdio.o)
                0x08005592                __sseek
 .text.__sclose
                0x080055b6        0x8 /home/christopher/st/stm32cubeide_1.19.0_2/plugins/com.st.stm32cube.ide.mcu.externaltools.gnu-tools-for-stm32.13.3.rel1.linux64_1.0.0.202410170706/tools/bin/../lib/gcc/arm-none-eabi/13.3.1/../../../../arm-none-eabi/lib/thumb/v7e-m+fp/hard/libc_nano.a(libc_a-stdio.o)
                0x080055b6                __sclose
 .text.__swbuf_r
                0x080055be       0x7c /home/christopher/st/stm32cubeide_1.19.0_2/plugins/com.st.stm32cube.ide.mcu.externaltools.gnu-tools-for-stm32.13.3.rel1.linux64_1.0.0.202410170706/tools/bin/../lib/gcc/arm-none-eabi/13.3.1/../../../../arm-none-eabi/lib/thumb/v7e-m+fp/hard/libc_nano.a(libc_a-wbuf.o)
                0x080055be                __swbuf_r
 *fill*         0x0800563a        0x2 
 .text.__swsetup_r
                0x0800563c       0xac /home/christopher/st/stm32cubeide_1.19.0_2/plugins/com.st.stm32cube.ide.mcu.externaltools.gnu-tools-for-stm32.13.3.rel1.linux64_1.0.0.202410170706/tools/bin/../lib/gcc/arm-none-eabi/13.3.1/../../../../arm-none-eabi/lib/thumb/v7e-m+fp/hard/libc_nano.a(libc_a-wsetup.o)
                0x0800563c                __swsetup_r
 .text.memset   0x080056e8       0x10 /home/christopher/st/stm32cubeide_1.19.0_2/plugins/com.st.stm32cube.ide.mcu.externaltools.gnu-tools-for-stm32.13.3.rel1.linux64_1.0.0.202410170706/tools/bin/../lib/gcc/arm-none-eabi/13.3.1/../../../../arm-none-eabi/lib/thumb/v7e-m+fp/hard/libc_nano.a(libc_a-memset.o)
                0x080056e8                memset
 .text._close_r
                0x080056f8       0x20 /home/christopher/st/stm32cubeide_1.19.0_2/plugins/com.st.stm32cube.ide.mcu.externaltools.gnu-tools-for-stm32.13.3.rel1.linux64_1.0.0.202410170706/tools/bin/../lib/gcc/arm-none-eabi/13.3.1/../../../../arm-none-eabi/lib/thumb/v7e-m+fp/hard/libc_nano.a(libc_a-closer.o)
                0x080056f8                _close_r
 .text._lseek_r
                0x08005718       0x24 /home/christopher/st/stm32cubeide_1.19.0_2/plugins/com.st.stm32cube.ide.mcu.externaltools.gnu-tools-for-stm32.13.3.rel1.linux64_1.0.0.202410170706/tools/bin/../lib/gcc/arm-none-eabi/13.3.1/../../../../arm-none-eabi/lib/thumb/v7e-m+fp/hard/libc_nano.a(libc_a-lseekr.o)
                0x08005718                _lseek_r
 .text._read_r  0x0800573c       0x24 /home/christopher/st/stm32cubeide_1.19.0_2/plugins/com.st.stm32cube.ide.mcu.externaltools.gnu-tools-for-stm32.13.3.rel1.linux64_1.0.0.202410170706/tools/bin/../lib/gcc/arm-none-eabi/13.3.1/../../../../arm-none-eabi/lib/thumb/v7e-m+fp/hard/libc_nano.a(libc_a-readr.o)
                0x0800573c                _read_r
 .text._write_r
                0x08005760       0x24 /home/christopher/st/stm32cubeide_1.19.0_2/plugins/com.st.stm32cube.ide.mcu.externaltools.gnu-tools-for-stm32.13.3.rel1.linux64_1.0.0.202410170706/tools/bin/../lib/gcc/arm-none-eabi/13.3.1/../../../../arm-none-eabi/lib/thumb/v7e-m+fp/hard/libc_nano.a(libc_a-writer.o)
                0x08005760                _write_r
 .text.__libc_init_array
                0x08005784       0x48 /home/christopher/st/stm32cubeide_1.19.0_2/plugins/com.st.stm32cube.ide.mcu.externaltools.gnu-tools-for-stm32.13.3.rel1.linux64_1.0.0.202410170706/tools/bin/../lib/gcc/arm-none-eabi/13.3.1/../../../../arm-none-eabi/lib/thumb/v7e-m+fp/hard/libc_nano.a(libc_a-init.o)
                0x08005784                __libc_init_array
 .text.__retarget_lock_init_recursive
                0x080057cc        0x2 /home/christopher/st/stm32cubeide_1.19.0_2/plugins/com.st.stm32cube.ide.mcu.externaltools.gnu-tools-for-stm32.13.3.rel1.linux64_1.0.0.202410170706/tools/bin/../lib/gcc/arm-none-eabi/13.3.1/../../../../arm-none-eabi/lib/thumb/v7e-m+fp/hard/libc_nano.a(libc_a-lock.o)
                0x080057cc                __retarget_lock_init_recursive
 .text.__retarget_lock_acquire_recursive
                0x080057ce        0x2 /home/christopher/st/stm32cubeide_1.19.0_2/plugins/com.st.stm32cube.ide.mcu.externaltools.gnu-tools-for-stm32.13.3.rel1.linux64_1.0.0.202410170706/tools/bin/../lib/gcc/arm-none-eabi/13.3.1/../../../../arm-none-eabi/lib/thumb/v7e-m+fp/hard/libc_nano.a(libc_a-lock.o)
                0x080057ce                __retarget_lock_acquire_recursive
 .text.__retarget_lock_release_recursive
                0x080057d0        0x2 /home/christopher/st/stm32cubeide_1.19.0_2/plugins/com.st.stm32cube.ide.mcu.externaltools.gnu-tools-for-stm32.13.3.rel1.linux64_1.0.0.202410170706/tools/bin/../lib/gcc/arm-none-eabi/13.3.1/../../../../arm-none-eabi/lib/thumb/v7e-m+fp/hard/libc_nano.a(libc_a-lock.o)
                0x080057d0                __retarget_lock_release_recursive
 .text.memcpy   0x080057d2       0x1c /home/christopher/st/stm32cubeide_1.19.0_2/plugins/com.st.stm32cube.ide.mcu.externaltools.gnu-tools-for-stm32.13.3.rel1.linux64_1.0.0.202410170706/tools/bin/../lib/gcc/arm-none-eabi/13.3.1/../../../../arm-none-eabi/lib/thumb/v7e-m+fp/hard/libc_nano.a(libc_a-memcpy-stub.o)
                0x080057d2                memcpy
 *fill*         0x080057ee        0x2 
 .text._free_r  0x080057f0       0x94 /home/christopher/st/stm32cubeide_1.19.0_2/plugins/com.st.stm32cube.ide.mcu.externaltools.gnu-tools-for-stm32.13.3.rel1.linux64_1.0.0.202410170706/tools/bin/../lib/gcc/arm-none-eabi/13.3.1/../../../../arm-none-eabi/lib/thumb/v7e-m+fp/hard/libc_nano.a(libc_a-freer.o)
                0x080057f0                _free_r
 .text.sbrk_aligned
                0x08005884       0x44 /home/christopher/st/stm32cubeide_1.19.0_2/plugins/com.st.stm32cube.ide.mcu.externaltools.gnu-tools-for-stm32.13.3.rel1.linux64_1.0.0.202410170706/tools/bin/../lib/gcc/arm-none-eabi/13.3.1/../../../../arm-none-eabi/lib/thumb/v7e-m+fp/hard/libc_nano.a(libc_a-mallocr.o)
 .text._malloc_r
                0x080058c8      0x100 /home/christopher/st/stm32cubeide_1.19.0_2/plugins/com.st.stm32cube.ide.mcu.externaltools.gnu-tools-for-stm32.13.3.rel1.linux64_1.0.0.202410170706/tools/bin/../lib/gcc/arm-none-eabi/13.3.1/../../../../arm-none-eabi/lib/thumb/v7e-m+fp/hard/libc_nano.a(libc_a-mallocr.o)
                0x080058c8                _malloc_r
 .text.__malloc_lock
                0x080059c8        0xc /home/christopher/st/stm32cubeide_1.19.0_2/plugins/com.st.stm32cube.ide.mcu.externaltools.gnu-tools-for-stm32.13.3.rel1.linux64_1.0.0.202410170706/tools/bin/../lib/gcc/arm-none-eabi/13.3.1/../../../../arm-none-eabi/lib/thumb/v7e-m+fp/hard/libc_nano.a(libc_a-mlock.o)
                0x080059c8                __malloc_lock
 .text.__malloc_unlock
                0x080059d4        0xc /home/christopher/st/stm32cubeide_1.19.0_2/plugins/com.st.stm32cube.ide.mcu.externaltools.gnu-tools-for-stm32.13.3.rel1.linux64_1.0.0.202410170706/tools/bin/../lib/gcc/arm-none-eabi/13.3.1/../../../../arm-none-eabi/lib/thumb/v7e-m+fp/hard/libc_nano.a(libc_a-mlock.o)
                0x080059d4                __malloc_unlock
 .text.__ssputs_r
                0x080059e0       0xb6 /home/christopher/st/stm32cubeide_1.19.0_2/plugins/com.st.stm32cube.ide.mcu.externaltools.gnu-tools-for-stm32.13.3.rel1.linux64_1.0.0.202410170706/tools/bin/../lib/gcc/arm-none-eabi/13.3.1/../../../../arm-none-eabi/lib/thumb/v7e-m+fp/hard/libc_nano.a(libc_a-nano-svfprintf.o)
                0x080059e0                __ssputs_r
 *fill*         0x08005a96        0x2 
 .text._svfprintf_r
                0x08005a98      0x1f8 /home/christopher/st/stm32cubeide_1.19.0_2/plugins/com.st.stm32cube.ide.mcu.externaltools.gnu-tools-for-stm32.13.3.rel1.linux64_1.0.0.202410170706/tools/bin/../lib/gcc/arm-none-eabi/13.3.1/../../../../arm-none-eabi/lib/thumb/v7e-m+fp/hard/libc_nano.a(libc_a-nano-svfprintf.o)
                0x08005a98                _svfprintf_r
                0x08005a98                _svfiprintf_r
 .text._printf_common
                0x08005c90       0xda /home/christopher/st/stm32cubeide_1.19.0_2/plugins/com.st.stm32cube.ide.mcu.externaltools.gnu-tools-for-stm32.13.3.rel1.linux64_1.0.0.202410170706/tools/bin/../lib/gcc/arm-none-eabi/13.3.1/../../../../arm-none-eabi/lib/thumb/v7e-m+fp/hard/libc_nano.a(libc_a-nano-vfprintf_i.o)
                0x08005c90                _printf_common
 *fill*         0x08005d6a        0x2 
 .text._printf_i
                0x08005d6c      0x23c /home/christopher/st/stm32cubeide_1.19.0_2/plugins/com.st.stm32cube.ide.mcu.externaltools.gnu-tools-for-stm32.13.3.rel1.linux64_1.0.0.202410170706/tools/bin/../lib/gcc/arm-none-eabi/13.3.1/../../../../arm-none-eabi/lib/thumb/v7e-m+fp/hard/libc_nano.a(libc_a-nano-vfprintf_i.o)
                0x08005d6c                _printf_i
 .text.__sflush_r
                0x08005fa8      0x108 /home/christopher/st/stm32cubeide_1.19.0_2/plugins/com.st.stm32cube.ide.mcu.externaltools.gnu-tools-for-stm32.13.3.rel1.linux64_1.0.0.202410170706/tools/bin/../lib/gcc/arm-none-eabi/13.3.1/../../../../arm-none-eabi/lib/thumb/v7e-m+fp/hard/libc_nano.a(libc_a-fflush.o)
                0x08005fa8                __sflush_r
 .text._fflush_r
                0x080060b0       0x50 /home/christopher/st/stm32cubeide_1.19.0_2/plugins/com.st.stm32cube.ide.mcu.externaltools.gnu-tools-for-stm32.13.3.rel1.linux64_1.0.0.202410170706/tools/bin/../lib/gcc/arm-none-eabi/13.3.1/../../../../arm-none-eabi/lib/thumb/v7e-m+fp/hard/libc_nano.a(libc_a-fflush.o)
                0x080060b0                _fflush_r
 .text.__swhatbuf_r
                0x08006100       0x4c /home/christopher/st/stm32cubeide_1.19.0_2/plugins/com.st.stm32cube.ide.mcu.externaltools.gnu-tools-for-stm32.13.3.rel1.linux64_1.0.0.202410170706/tools/bin/../lib/gcc/arm-none-eabi/13.3.1/../../../../arm-none-eabi/lib/thumb/v7e-m+fp/hard/libc_nano.a(libc_a-makebuf.o)
                0x08006100                __swhatbuf_r
 .text.__smakebuf_r
                0x0800614c       0x78 /home/christopher/st/stm32cubeide_1.19.0_2/plugins/com.st.stm32cube.ide.mcu.externaltools.gnu-tools-for-stm32.13.3.rel1.linux64_1.0.0.202410170706/tools/bin/../lib/gcc/arm-none-eabi/13.3.1/../../../../arm-none-eabi/lib/thumb/v7e-m+fp/hard/libc_nano.a(libc_a-makebuf.o)
                0x0800614c                __smakebuf_r
 .text.memmove  0x080061c4       0x34 /home/christopher/st/stm32cubeide_1.19.0_2/plugins/com.st.stm32cube.ide.mcu.externaltools.gnu-tools-for-stm32.13.3.rel1.linux64_1.0.0.202410170706/tools/bin/../lib/gcc/arm-none-eabi/13.3.1/../../../../arm-none-eabi/lib/thumb/v7e-m+fp/hard/libc_nano.a(libc_a-memmove.o)
                0x080061c4                memmove
 .text._fstat_r
                0x080061f8       0x24 /home/christopher/st/stm32cubeide_1.19.0_2/plugins/com.st.stm32cube.ide.mcu.externaltools.gnu-tools-for-stm32.13.3.rel1.linux64_1.0.0.202410170706/tools/bin/../lib/gcc/arm-none-eabi/13.3.1/../../../../arm-none-eabi/lib/thumb/v7e-m+fp/hard/libc_nano.a(libc_a-fstatr.o)
                0x080061f8                _fstat_r
 .text._isatty_r
                0x0800621c       0x20 /home/christopher/st/stm32cubeide_1.19.0_2/plugins/com.st.stm32cube.ide.mcu.externaltools.gnu-tools-for-stm32.13.3.rel1.linux64_1.0.0.202410170706/tools/bin/../lib/gcc/arm-none-eabi/13.3.1/../../../../arm-none-eabi/lib/thumb/v7e-m+fp/hard/libc_nano.a(libc_a-isattyr.o)
                0x0800621c                _isatty_r
 .text._sbrk_r  0x0800623c       0x20 /home/christopher/st/stm32cubeide_1.19.0_2/plugins/com.st.stm32cube.ide.mcu.externaltools.gnu-tools-for-stm32.13.3.rel1.linux64_1.0.0.202410170706/tools/bin/../lib/gcc/arm-none-eabi/13.3.1/../../../../arm-none-eabi/lib/thumb/v7e-m+fp/hard/libc_nano.a(libc_a-sbrkr.o)
                0x0800623c                _sbrk_r
 .text._realloc_r
                0x0800625c       0x5c /home/christopher/st/stm32cubeide_1.19.0_2/plugins/com.st.stm32cube.ide.mcu.externaltools.gnu-tools-for-stm32.13.3.rel1.linux64_1.0.0.202410170706/tools/bin/../lib/gcc/arm-none-eabi/13.3.1/../../../../arm-none-eabi/lib/thumb/v7e-m+fp/hard/libc_nano.a(libc_a-reallocr.o)
                0x0800625c                _realloc_r
 .text._malloc_usable_size_r
                0x080062b8       0x10 /home/christopher/st/stm32cubeide_1.19.0_2/plugins/com.st.stm32cube.ide.mcu.externaltools.gnu-tools-for-stm32.13.3.rel1.linux64_1.0.0.202410170706/tools/bin/../lib/gcc/arm-none-eabi/13.3.1/../../../../arm-none-eabi/lib/thumb/v7e-m+fp/hard/libc_nano.a(libc_a-msizer.o)
                0x080062b8                _malloc_usable_size_r
 .text._sbrk    0x080062c8       0x1c /home/christopher/st/stm32cubeide_1.19.0_2/plugins/com.st.stm32cube.ide.mcu.externaltools.gnu-tools-for-stm32.13.3.rel1.linux64_1.0.0.202410170706/tools/bin/../lib/gcc/arm-none-eabi/13.3.1/../../../../arm-none-eabi/lib/thumb/v7e-m+fp/hard/libnosys.a(sbrk.o)
                0x080062c8                _sbrk
 *(.glue_7)
 .glue_7        0x080062e4        0x0 linker stubs
 *(.glue_7t)
 .glue_7t       0x080062e4        0x0 linker stubs
 *(.eh_frame)
 .eh_frame      0x080062e4        0x0 /home/christopher/st/stm32cubeide_1.19.0_2/plugins/com.st.stm32cube.ide.mcu.externaltools.gnu-tools-for-stm32.13.3.rel1.linux64_1.0.0.202410170706/tools/bin/../lib/gcc/arm-none-eabi/13.3.1/thumb/v7e-m+fp/hard/crtbegin.o
 *(.init)
 .init          0x080062e4        0x4 /home/christopher/st/stm32cubeide_1.19.0_2/plugins/com.st.stm32cube.ide.mcu.externaltools.gnu-tools-for-stm32.13.3.rel1.linux64_1.0.0.202410170706/tools/bin/../lib/gcc/arm-none-eabi/13.3.1/thumb/v7e-m+fp/hard/crti.o
                0x080062e4                _init
 .init          0x080062e8        0x8 /home/christopher/st/stm32cubeide_1.19.0_2/plugins/com.st.stm32cube.ide.mcu.externaltools.gnu-tools-for-stm32.13.3.rel1.linux64_1.0.0.202410170706/tools/bin/../lib/gcc/arm-none-eabi/13.3.1/thumb/v7e-m+fp/hard/crtn.o
 *(.fini)
 .fini          0x080062f0        0x4 /home/christopher/st/stm32cubeide_1.19.0_2/plugins/com.st.stm32cube.ide.mcu.externaltools.gnu-tools-for-stm32.13.3.rel1.linux64_1.0.0.202410170706/tools/bin/../lib/gcc/arm-none-eabi/13.3.1/thumb/v7e-m+fp/hard/crti.o
                0x080062f0                _fini
 .fini          0x080062f4        0x8 /home/christopher/st/stm32cubeide_1.19.0_2/plugins/com.st.stm32cube.ide.mcu.externaltools.gnu-tools-for-stm32.13.3.rel1.linux64_1.0.0.202410170706/tools/bin/../lib/gcc/arm-none-eabi/13.3.1/thumb/v7e-m+fp/hard/crtn.o
                0x080062fc                        . = ALIGN (0x4)
                0x080062fc                        _etext = .

.vfp11_veneer   0x080062fc        0x0
 .vfp11_veneer  0x080062fc        0x0 linker stubs

.v4_bx          0x080062fc        0x0
 .v4_bx         0x080062fc        0x0 linker stubs

.iplt           0x080062fc        0x0
 .iplt          0x080062fc        0x0 /home/christopher/st/stm32cubeide_1.19.0_2/plugins/com.st.stm32cube.ide.mcu.externaltools.gnu-tools-for-stm32.13.3.rel1.linux64_1.0.0.202410170706/tools/bin/../lib/gcc/arm-none-eabi/13.3.1/thumb/v7e-m+fp/hard/crtbegin.o

.rodata         0x080062fc       0xe4
                0x080062fc                        . = ALIGN (0x4)
 *(.rodata)
 .rodata        0x080062fc       0x3d ./Core/Src/main.o
 *(.rodata*)
 *fill*         0x08006339        0x3 
 .rodata.AHBPrescTable
                0x0800633c       0x10 ./Core/Src/system_stm32l4xx.o
                0x0800633c                AHBPrescTable
 .rodata.APBPrescTable
                0x0800634c        0x8 ./Core/Src/system_stm32l4xx.o
                0x0800634c                APBPrescTable
 .rodata.MSIRangeTable
                0x08006354       0x30 ./Core/Src/system_stm32l4xx.o
                0x08006354                MSIRangeTable
 .rodata.UARTPrescTable
                0x08006384       0x18 ./Drivers/STM32L4xx_HAL_Driver/Src/stm32l4xx_hal_uart.o
                0x08006384                UARTPrescTable
 .rodata.numerator.1
                0x0800639c        0x8 ./Drivers/STM32L4xx_HAL_Driver/Src/stm32l4xx_hal_uart_ex.o
 .rodata.denominator.0
                0x080063a4        0x8 ./Drivers/STM32L4xx_HAL_Driver/Src/stm32l4xx_hal_uart_ex.o
 .rodata._svfprintf_r.str1.1
                0x080063ac       0x33 /home/christopher/st/stm32cubeide_1.19.0_2/plugins/com.st.stm32cube.ide.mcu.externaltools.gnu-tools-for-stm32.13.3.rel1.linux64_1.0.0.202410170706/tools/bin/../lib/gcc/arm-none-eabi/13.3.1/../../../../arm-none-eabi/lib/thumb/v7e-m+fp/hard/libc_nano.a(libc_a-nano-svfprintf.o)
                                 0x11 (size before relaxing)
 .rodata._printf_i.str1.1
                0x080063df       0x22 /home/christopher/st/stm32cubeide_1.19.0_2/plugins/com.st.stm32cube.ide.mcu.externaltools.gnu-tools-for-stm32.13.3.rel1.linux64_1.0.0.202410170706/tools/bin/../lib/gcc/arm-none-eabi/13.3.1/../../../../arm-none-eabi/lib/thumb/v7e-m+fp/hard/libc_nano.a(libc_a-nano-vfprintf_i.o)
                0x08006404                        . = ALIGN (0x4)
 *fill*         0x080063df        0x1 

.ARM.extab      0x080063e0        0x0
                0x080063e0                        . = ALIGN (0x4)
 *(.ARM.extab* .gnu.linkonce.armextab.*)
                0x080063e0                        . = ALIGN (0x4)

.ARM            0x080063e0        0x8
                0x080063e0                        . = ALIGN (0x4)
                0x080063e0                        __exidx_start = .
 *(.ARM.exidx*)
 .ARM.exidx     0x080063e0        0x8 /home/christopher/st/stm32cubeide_1.19.0_2/plugins/com.st.stm32cube.ide.mcu.externaltools.gnu-tools-for-stm32.13.3.rel1.linux64_1.0.0.202410170706/tools/bin/../lib/gcc/arm-none-eabi/13.3.1/../../../../arm-none-eabi/lib/thumb/v7e-m+fp/hard/libc_nano.a(libc_a-strlen.o)
 .ARM.exidx     0x080063e8        0x0 /home/christopher/st/stm32cubeide_1.19.0_2/plugins/com.st.stm32cube.ide.mcu.externaltools.gnu-tools-for-stm32.13.3.rel1.linux64_1.0.0.202410170706/tools/bin/../lib/gcc/arm-none-eabi/13.3.1/../../../../arm-none-eabi/lib/thumb/v7e-m+fp/hard/libc_nano.a(libc_a-memchr.o)
                                  0x8 (size before relaxing)
 .ARM.exidx     0x080063e8        0x0 /home/christopher/st/stm32cubeide_1.19.0_2/plugins/com.st.stm32cube.ide.mcu.externaltools.gnu-tools-for-stm32.13.3.rel1.linux64_1.0.0.202410170706/tools/bin/../lib/gcc/arm-none-eabi/13.3.1/thumb/v7e-m+fp/hard/libgcc.a(_udivmoddi4.o)
                                  0x8 (size before relaxing)
                0x080063e8                        __exidx_end = .
                0x080063e8                        . = ALIGN (0x4)

.preinit_array  0x080063e8        0x0
                0x080063e8                        . = ALIGN (0x4)
                0x080063e8                        PROVIDE (__preinit_array_start = .)
 *(.preinit_array*)
                0x080063e8                        PROVIDE (__preinit_array_end = .)
                0x080063e8                        . = ALIGN (0x4)

.init_array     0x080063e8        0x4
                0x080063e8                        . = ALIGN (0x4)
                0x080063e8                        PROVIDE (__init_array_start = .)
 *(SORT_BY_NAME(.init_array.*))
 *(.init_array*)
 .init_array    0x080063e8        0x4 /home/christopher/st/stm32cubeide_1.19.0_2/plugins/com.st.stm32cube.ide.mcu.externaltools.gnu-tools-for-stm32.13.3.rel1.linux64_1.0.0.202410170706/tools/bin/../lib/gcc/arm-none-eabi/13.3.1/thumb/v7e-m+fp/hard/crtbegin.o
                0x080063ec                        PROVIDE (__init_array_end = .)
                0x080063ec                        . = ALIGN (0x4)

.fini_array     0x080063ec        0x4
                0x080063ec                        . = ALIGN (0x4)
                [!provide]                        PROVIDE (__fini_array_start = .)
 *(SORT_BY_NAME(.fini_array.*))
 *(.fini_array*)
 .fini_array    0x080063ec        0x4 /home/christopher/st/stm32cubeide_1.19.0_2/plugins/com.st.stm32cube.ide.mcu.externaltools.gnu-tools-for-stm32.13.3.rel1.linux64_1.0.0.202410170706/tools/bin/../lib/gcc/arm-none-eabi/13.3.1/thumb/v7e-m+fp/hard/crtbegin.o
                [!provide]                        PROVIDE (__fini_array_end = .)
                0x080063f0                        . = ALIGN (0x4)
                0x080063f0                        _sidata = LOADADDR (.data)

.rel.dyn        0x080063f0        0x0
 .rel.iplt      0x080063f0        0x0 /home/christopher/st/stm32cubeide_1.19.0_2/plugins/com.st.stm32cube.ide.mcu.externaltools.gnu-tools-for-stm32.13.3.rel1.linux64_1.0.0.202410170706/tools/bin/../lib/gcc/arm-none-eabi/13.3.1/thumb/v7e-m+fp/hard/crtbegin.o

.data           0x20000000       0x9c load address 0x080063f0
                0x20000000                        . = ALIGN (0x4)
                0x20000000                        _sdata = .
 *(.data)
 *(.data*)
 .data.SystemCoreClock
                0x20000000        0x4 ./Core/Src/system_stm32l4xx.o
                0x20000000                SystemCoreClock
 .data.Lsm6dslAccDrv
                0x20000004       0x34 ./Drivers/BSP/Components/lsm6dsl/lsm6dsl.o
                0x20000004                Lsm6dslAccDrv
 .data.uwTickPrio
                0x20000038        0x4 ./Drivers/STM32L4xx_HAL_Driver/Src/stm32l4xx_hal.o
                0x20000038                uwTickPrio
 .data.uwTickFreq
                0x2000003c        0x1 ./Drivers/STM32L4xx_HAL_Driver/Src/stm32l4xx_hal.o
                0x2000003c                uwTickFreq
 *fill*         0x2000003d        0x3 
 .data.__sglue  0x20000040        0xc /home/christopher/st/stm32cubeide_1.19.0_2/plugins/com.st.stm32cube.ide.mcu.externaltools.gnu-tools-for-stm32.13.3.rel1.linux64_1.0.0.202410170706/tools/bin/../lib/gcc/arm-none-eabi/13.3.1/../../../../arm-none-eabi/lib/thumb/v7e-m+fp/hard/libc_nano.a(libc_a-findfp.o)
                0x20000040                __sglue
 .data._impure_ptr
                0x2000004c        0x4 /home/christopher/st/stm32cubeide_1.19.0_2/plugins/com.st.stm32cube.ide.mcu.externaltools.gnu-tools-for-stm32.13.3.rel1.linux64_1.0.0.202410170706/tools/bin/../lib/gcc/arm-none-eabi/13.3.1/../../../../arm-none-eabi/lib/thumb/v7e-m+fp/hard/libc_nano.a(libc_a-impure.o)
                0x2000004c                _impure_ptr
 .data._impure_data
                0x20000050       0x4c /home/christopher/st/stm32cubeide_1.19.0_2/plugins/com.st.stm32cube.ide.mcu.externaltools.gnu-tools-for-stm32.13.3.rel1.linux64_1.0.0.202410170706/tools/bin/../lib/gcc/arm-none-eabi/13.3.1/../../../../arm-none-eabi/lib/thumb/v7e-m+fp/hard/libc_nano.a(libc_a-impure.o)
                0x20000050                _impure_data
 *(.RamFunc)
 *(.RamFunc*)
                0x2000009c                        . = ALIGN (0x4)
                0x2000009c                        _edata = .

.igot.plt       0x2000009c        0x0 load address 0x0800648c
 .igot.plt      0x2000009c        0x0 /home/christopher/st/stm32cubeide_1.19.0_2/plugins/com.st.stm32cube.ide.mcu.externaltools.gnu-tools-for-stm32.13.3.rel1.linux64_1.0.0.202410170706/tools/bin/../lib/gcc/arm-none-eabi/13.3.1/thumb/v7e-m+fp/hard/crtbegin.o
                0x2000009c                        . = ALIGN (0x4)

.bss            0x2000009c      0x31c load address 0x0800648c
                0x2000009c                        _sbss = .
                0x2000009c                        __bss_start__ = _sbss
 *(.bss)
 .bss           0x2000009c       0x1c /home/christopher/st/stm32cubeide_1.19.0_2/plugins/com.st.stm32cube.ide.mcu.externaltools.gnu-tools-for-stm32.13.3.rel1.linux64_1.0.0.202410170706/tools/bin/../lib/gcc/arm-none-eabi/13.3.1/thumb/v7e-m+fp/hard/crtbegin.o
 *(.bss*)
 .bss.hi2c1     0x200000b8       0x54 ./Core/Src/main.o
                0x200000b8                hi2c1
 .bss.hspi3     0x2000010c       0x64 ./Core/Src/main.o
                0x2000010c                hspi3
 .bss.huart1    0x20000170       0x94 ./Core/Src/main.o
                0x20000170                huart1
 .bss.rep_count
                0x20000204        0x4 ./Core/Src/main.o
 .bss.rep_state
                0x20000208        0x1 ./Core/Src/main.o
 *fill*         0x20000209        0x3 
 .bss.hI2cHandler
                0x2000020c       0x54 ./Drivers/BSP/B-L4S5I-IOT01/stm32l4s5i_iot01.o
                0x2000020c                hI2cHandler
 .bss.AccelerometerDrv
                0x20000260        0x4 ./Drivers/BSP/B-L4S5I-IOT01/stm32l4s5i_iot01_accelero.o
 .bss.uwTick    0x20000264        0x4 ./Drivers/STM32L4xx_HAL_Driver/Src/stm32l4xx_hal.o
                0x20000264                uwTick
 .bss.__sf      0x20000268      0x138 /home/christopher/st/stm32cubeide_1.19.0_2/plugins/com.st.stm32cube.ide.mcu.externaltools.gnu-tools-for-stm32.13.3.rel1.linux64_1.0.0.202410170706/tools/bin/../lib/gcc/arm-none-eabi/13.3.1/../../../../arm-none-eabi/lib/thumb/v7e-m+fp/hard/libc_nano.a(libc_a-findfp.o)
                0x20000268                __sf
 .bss.__stdio_exit_handler
                0x200003a0        0x4 /home/christopher/st/stm32cubeide_1.19.0_2/plugins/com.st.stm32cube.ide.mcu.externaltools.gnu-tools-for-stm32.13.3.rel1.linux64_1.0.0.202410170706/tools/bin/../lib/gcc/arm-none-eabi/13.3.1/../../../../arm-none-eabi/lib/thumb/v7e-m+fp/hard/libc_nano.a(libc_a-findfp.o)
                0x200003a0                __stdio_exit_handler
 .bss.errno     0x200003a4        0x4 /home/christopher/st/stm32cubeide_1.19.0_2/plugins/com.st.stm32cube.ide.mcu.externaltools.gnu-tools-for-stm32.13.3.rel1.linux64_1.0.0.202410170706/tools/bin/../lib/gcc/arm-none-eabi/13.3.1/../../../../arm-none-eabi/lib/thumb/v7e-m+fp/hard/libc_nano.a(libc_a-reent.o)
                0x200003a4                errno
 .bss.__lock___malloc_recursive_mutex
                0x200003a8        0x1 /home/christopher/st/stm32cubeide_1.19.0_2/plugins/com.st.stm32cube.ide.mcu.externaltools.gnu-tools-for-stm32.13.3.rel1.linux64_1.0.0.202410170706/tools/bin/../lib/gcc/arm-none-eabi/13.3.1/../../../../arm-none-eabi/lib/thumb/v7e-m+fp/hard/libc_nano.a(libc_a-lock.o)
                0x200003a8                __lock___malloc_recursive_mutex
 .bss.__lock___sfp_recursive_mutex
                0x200003a9        0x1 /home/christopher/st/stm32cubeide_1.19.0_2/plugins/com.st.stm32cube.ide.mcu.externaltools.gnu-tools-for-stm32.13.3.rel1.linux64_1.0.0.202410170706/tools/bin/../lib/gcc/arm-none-eabi/13.3.1/../../../../arm-none-eabi/lib/thumb/v7e-m+fp/hard/libc_nano.a(libc_a-lock.o)
                0x200003a9                __lock___sfp_recursive_mutex
 *fill*         0x200003aa        0x2 
 .bss.__malloc_sbrk_start
                0x200003ac        0x4 /home/christopher/st/stm32cubeide_1.19.0_2/plugins/com.st.stm32cube.ide.mcu.externaltools.gnu-tools-for-stm32.13.3.rel1.linux64_1.0.0.202410170706/tools/bin/../lib/gcc/arm-none-eabi/13.3.1/../../../../arm-none-eabi/lib/thumb/v7e-m+fp/hard/libc_nano.a(libc_a-mallocr.o)
                0x200003ac                __malloc_sbrk_start
 .bss.__malloc_free_list
                0x200003b0        0x4 /home/christopher/st/stm32cubeide_1.19.0_2/plugins/com.st.stm32cube.ide.mcu.externaltools.gnu-tools-for-stm32.13.3.rel1.linux64_1.0.0.202410170706/tools/bin/../lib/gcc/arm-none-eabi/13.3.1/../../../../arm-none-eabi/lib/thumb/v7e-m+fp/hard/libc_nano.a(libc_a-mallocr.o)
                0x200003b0                __malloc_free_list
 .bss.heap_end.0
                0x200003b4        0x4 /home/christopher/st/stm32cubeide_1.19.0_2/plugins/com.st.stm32cube.ide.mcu.externaltools.gnu-tools-for-stm32.13.3.rel1.linux64_1.0.0.202410170706/tools/bin/../lib/gcc/arm-none-eabi/13.3.1/../../../../arm-none-eabi/lib/thumb/v7e-m+fp/hard/libnosys.a(sbrk.o)
 *(COMMON)
                0x200003b8                        . = ALIGN (0x4)
                0x200003b8                        _ebss = .
                0x200003b8                        __bss_end__ = _ebss

._user_heap_stack
                0x200003b8      0x600 load address 0x0800648c
                0x200003b8                        . = ALIGN (0x8)
                0x200003b8                        PROVIDE (end = .)
                [!provide]                        PROVIDE (_end = .)
                0x200005b8                        . = (. + _Min_Heap_Size)
 *fill*         0x200003b8      0x200 
                0x200009b8                        . = (. + _Min_Stack_Size)
 *fill*         0x200005b8      0x400 
                0x200009b8                        . = ALIGN (0x8)

/DISCARD/
 libc.a(*)
 libm.a(*)
 libgcc.a(*)

.ARM.attributes
                0x00000000       0x30
 *(.ARM.attributes)
 .ARM.attributes
                0x00000000       0x22 /home/christopher/st/stm32cubeide_1.19.0_2/plugins/com.st.stm32cube.ide.mcu.externaltools.gnu-tools-for-stm32.13.3.rel1.linux64_1.0.0.202410170706/tools/bin/../lib/gcc/arm-none-eabi/13.3.1/thumb/v7e-m+fp/hard/crti.o
 .ARM.attributes
                0x00000022       0x34 /home/christopher/st/stm32cubeide_1.19.0_2/plugins/com.st.stm32cube.ide.mcu.externaltools.gnu-tools-for-stm32.13.3.rel1.linux64_1.0.0.202410170706/tools/bin/../lib/gcc/arm-none-eabi/13.3.1/thumb/v7e-m+fp/hard/crtbegin.o
 .ARM.attributes
                0x00000056       0x34 ./Core/Src/main.o
 .ARM.attributes
                0x0000008a       0x34 ./Core/Src/stm32l4xx_hal_msp.o
 .ARM.attributes
                0x000000be       0x34 ./Core/Src/stm32l4xx_it.o
 .ARM.attributes
                0x000000f2       0x34 ./Core/Src/system_stm32l4xx.o
 .ARM.attributes
                0x00000126       0x21 ./Core/Startup/startup_stm32l4s5vitx.o
 .ARM.attributes
                0x00000147       0x34 ./Drivers/BSP/B-L4S5I-IOT01/stm32l4s5i_iot01.o
 .ARM.attributes
                0x0000017b       0x34 ./Drivers/BSP/B-L4S5I-IOT01/stm32l4s5i_iot01_accelero.o
 .ARM.attributes
                0x000001af       0x34 ./Drivers/BSP/Components/lsm6dsl/lsm6dsl.o
 .ARM.attributes
                0x000001e3       0x34 ./Drivers/STM32L4xx_HAL_Driver/Src/stm32l4xx_hal.o
 .ARM.attributes
                0x00000217       0x34 ./Drivers/STM32L4xx_HAL_Driver/Src/stm32l4xx_hal_cortex.o
 .ARM.attributes
                0x0000024b       0x34 ./Drivers/STM32L4xx_HAL_Driver/Src/stm32l4xx_hal_gpio.o
 .ARM.attributes
                0x0000027f       0x34 ./Drivers/STM32L4xx_HAL_Driver/Src/stm32l4xx_hal_i2c.o
 .ARM.attributes
                0x000002b3       0x34 ./Drivers/STM32L4xx_HAL_Driver/Src/stm32l4xx_hal_i2c_ex.o
 .ARM.attributes
                0x000002e7       0x34 ./Drivers/STM32L4xx_HAL_Driver/Src/stm32l4xx_hal_pwr_ex.o
 .ARM.attributes
                0x0000031b       0x34 ./Drivers/STM32L4xx_HAL_Driver/Src/stm32l4xx_hal_rcc.o
 .ARM.attributes
                0x0000034f       0x34 ./Drivers/STM32L4xx_HAL_Driver/Src/stm32l4xx_hal_rcc_ex.o
 .ARM.attributes
                0x00000383       0x34 ./Drivers/STM32L4xx_HAL_Driver/Src/stm32l4xx_hal_spi.o
 .ARM.attributes
                0x000003b7       0x34 ./Drivers/STM32L4xx_HAL_Driver/Src/stm32l4xx_hal_uart.o
 .ARM.attributes
                0x000003eb       0x34 ./Drivers/STM32L4xx_HAL_Driver/Src/stm32l4xx_hal_uart_ex.o
 .ARM.attributes
                0x0000041f       0x34 /home/christopher/st/stm32cubeide_1.19.0_2/plugins/com.st.stm32cube.ide.mcu.externaltools.gnu-tools-for-stm32.13.3.rel1.linux64_1.0.0.202410170706/tools/bin/../lib/gcc/arm-none-eabi/13.3.1/../../../../arm-none-eabi/lib/thumb/v7e-m+fp/hard/libc_nano.a(libc_a-findfp.o)
 .ARM.attributes
                0x00000453       0x34 /home/christopher/st/stm32cubeide_1.19.0_2/plugins/com.st.stm32cube.ide.mcu.externaltools.gnu-tools-for-stm32.13.3.rel1.linux64_1.0.0.202410170706/tools/bin/../lib/gcc/arm-none-eabi/13.3.1/../../../../arm-none-eabi/lib/thumb/v7e-m+fp/hard/libc_nano.a(libc_a-fwalk.o)
 .ARM.attributes
                0x00000487       0x34 /home/christopher/st/stm32cubeide_1.19.0_2/plugins/com.st.stm32cube.ide.mcu.externaltools.gnu-tools-for-stm32.13.3.rel1.linux64_1.0.0.202410170706/tools/bin/../lib/gcc/arm-none-eabi/13.3.1/../../../../arm-none-eabi/lib/thumb/v7e-m+fp/hard/libc_nano.a(libc_a-puts.o)
 .ARM.attributes
                0x000004bb       0x34 /home/christopher/st/stm32cubeide_1.19.0_2/plugins/com.st.stm32cube.ide.mcu.externaltools.gnu-tools-for-stm32.13.3.rel1.linux64_1.0.0.202410170706/tools/bin/../lib/gcc/arm-none-eabi/13.3.1/../../../../arm-none-eabi/lib/thumb/v7e-m+fp/hard/libc_nano.a(libc_a-snprintf.o)
 .ARM.attributes
                0x000004ef       0x34 /home/christopher/st/stm32cubeide_1.19.0_2/plugins/com.st.stm32cube.ide.mcu.externaltools.gnu-tools-for-stm32.13.3.rel1.linux64_1.0.0.202410170706/tools/bin/../lib/gcc/arm-none-eabi/13.3.1/../../../../arm-none-eabi/lib/thumb/v7e-m+fp/hard/libc_nano.a(libc_a-stdio.o)
 .ARM.attributes
                0x00000523       0x34 /home/christopher/st/stm32cubeide_1.19.0_2/plugins/com.st.stm32cube.ide.mcu.externaltools.gnu-tools-for-stm32.13.3.rel1.linux64_1.0.0.202410170706/tools/bin/../lib/gcc/arm-none-eabi/13.3.1/../../../../arm-none-eabi/lib/thumb/v7e-m+fp/hard/libc_nano.a(libc_a-wbuf.o)
 .ARM.attributes
                0x00000557       0x34 /home/christopher/st/stm32cubeide_1.19.0_2/plugins/com.st.stm32cube.ide.mcu.externaltools.gnu-tools-for-stm32.13.3.rel1.linux64_1.0.0.202410170706/tools/bin/../lib/gcc/arm-none-eabi/13.3.1/../../../../arm-none-eabi/lib/thumb/v7e-m+fp/hard/libc_nano.a(libc_a-wsetup.o)
 .ARM.attributes
                0x0000058b       0x34 /home/christopher/st/stm32cubeide_1.19.0_2/plugins/com.st.stm32cube.ide.mcu.externaltools.gnu-tools-for-stm32.13.3.rel1.linux64_1.0.0.202410170706/tools/bin/../lib/gcc/arm-none-eabi/13.3.1/../../../../arm-none-eabi/lib/thumb/v7e-m+fp/hard/libc_nano.a(libc_a-memset.o)
 .ARM.attributes
                0x000005bf       0x34 /home/christopher/st/stm32cubeide_1.19.0_2/plugins/com.st.stm32cube.ide.mcu.externaltools.gnu-tools-for-stm32.13.3.rel1.linux64_1.0.0.202410170706/tools/bin/../lib/gcc/arm-none-eabi/13.3.1/../../../../arm-none-eabi/lib/thumb/v7e-m+fp/hard/libc_nano.a(libc_a-closer.o)
 .ARM.attributes
                0x000005f3       0x34 /home/christopher/st/stm32cubeide_1.19.0_2/plugins/com.st.stm32cube.ide.mcu.externaltools.gnu-tools-for-stm32.13.3.rel1.linux64_1.0.0.202410170706/tools/bin/../lib/gcc/arm-none-eabi/13.3.1/../../../../arm-none-eabi/lib/thumb/v7e-m+fp/hard/libc_nano.a(libc_a-reent.o)
 .ARM.attributes
                0x00000627       0x34 /home/christopher/st/stm32cubeide_1.19.0_2/plugins/com.st.stm32cube.ide.mcu.externaltools.gnu-tools-for-stm32.13.3.rel1.linux64_1.0.0.202410170706/tools/bin/../lib/gcc/arm-none-eabi/13.3.1/../../../../arm-none-eabi/lib/thumb/v7e-m+fp/hard/libc_nano.a(libc_a-impure.o)
 .ARM.attributes
                0x0000065b       0x34 /home/christopher/st/stm32cubeide_1.19.0_2/plugins/com.st.stm32cube.ide.mcu.externaltools.gnu-tools-for-stm32.13.3.rel1.linux64_1.0.0.202410170706/tools/bin/../lib/gcc/arm-none-eabi/13.3.1/../../../../arm-none-eabi/lib/thumb/v7e-m+fp/hard/libc_nano.a(libc_a-lseekr.o)
 .ARM.attributes
                0x0000068f       0x34 /home/christopher/st/stm32cubeide_1.19.0_2/plugins/com.st.stm32cube.ide.mcu.externaltools.gnu-tools-for-stm32.13.3.rel1.linux64_1.0.0.202410170706/tools/bin/../lib/gcc/arm-none-eabi/13.3.1/../../../../arm-none-eabi/lib/thumb/v7e-m+fp/hard/libc_nano.a(libc_a-readr.o)
 .ARM.attributes
                0x000006c3       0x34 /home/christopher/st/stm32cubeide_1.19.0_2/plugins/com.st.stm32cube.ide.mcu.externaltools.gnu-tools-for-stm32.13.3.rel1.linux64_1.0.0.202410170706/tools/bin/../lib/gcc/arm-none-eabi/13.3.1/../../../../arm-none-eabi/lib/thumb/v7e-m+fp/hard/libc_nano.a(libc_a-writer.o)
 .ARM.attributes
                0x000006f7       0x34 /home/christopher/st/stm32cubeide_1.19.0_2/plugins/com.st.stm32cube.ide.mcu.externaltools.gnu-tools-for-stm32.13.3.rel1.linux64_1.0.0.202410170706/tools/bin/../lib/gcc/arm-none-eabi/13.3.1/../../../../arm-none-eabi/lib/thumb/v7e-m+fp/hard/libc_nano.a(libc_a-init.o)
 .ARM.attributes
                0x0000072b       0x34 /home/christopher/st/stm32cubeide_1.19.0_2/plugins/com.st.stm32cube.ide.mcu.externaltools.gnu-tools-for-stm32.13.3.rel1.linux64_1.0.0.202410170706/tools/bin/../lib/gcc/arm-none-eabi/13.3.1/../../../../arm-none-eabi/lib/thumb/v7e-m+fp/hard/libc_nano.a(libc_a-lock.o)
 .ARM.attributes
                0x0000075f       0x34 /home/christopher/st/stm32cubeide_1.19.0_2/plugins/com.st.stm32cube.ide.mcu.externaltools.gnu-tools-for-stm32.13.3.rel1.linux64_1.0.0.202410170706/tools/bin/../lib/gcc/arm-none-eabi/13.3.1/../../../../arm-none-eabi/lib/thumb/v7e-m+fp/hard/libc_nano.a(libc_a-memcpy-stub.o)
 .ARM.attributes
                0x00000793       0x17 /home/christopher/st/stm32cubeide_1.19.0_2/plugins/com.st.stm32cube.ide.mcu.externaltools.gnu-tools-for-stm32.13.3.rel1.linux64_1.0.0.202410170706/tools/bin/../lib/gcc/arm-none-eabi/13.3.1/../../../../arm-none-eabi/lib/thumb/v7e-m+fp/hard/libc_nano.a(libc_a-strlen.o)
 .ARM.attributes
                0x000007aa       0x34 /home/christopher/st/stm32cubeide_1.19.0_2/plugins/com.st.stm32cube.ide.mcu.externaltools.gnu-tools-for-stm32.13.3.rel1.linux64_1.0.0.202410170706/tools/bin/../lib/gcc/arm-none-eabi/13.3.1/../../../../arm-none-eabi/lib/thumb/v7e-m+fp/hard/libc_nano.a(libc_a-freer.o)
 .ARM.attributes
                0x000007de       0x34 /home/christopher/st/stm32cubeide_1.19.0_2/plugins/com.st.stm32cube.ide.mcu.externaltools.gnu-tools-for-stm32.13.3.rel1.linux64_1.0.0.202410170706/tools/bin/../lib/gcc/arm-none-eabi/13.3.1/../../../../arm-none-eabi/lib/thumb/v7e-m+fp/hard/libc_nano.a(libc_a-mallocr.o)
 .ARM.attributes
                0x00000812       0x34 /home/christopher/st/stm32cubeide_1.19.0_2/plugins/com.st.stm32cube.ide.mcu.externaltools.gnu-tools-for-stm32.13.3.rel1.linux64_1.0.0.202410170706/tools/bin/../lib/gcc/arm-none-eabi/13.3.1/../../../../arm-none-eabi/lib/thumb/v7e-m+fp/hard/libc_nano.a(libc_a-mlock.o)
 .ARM.attributes
                0x00000846       0x34 /home/christopher/st/stm32cubeide_1.19.0_2/plugins/com.st.stm32cube.ide.mcu.externaltools.gnu-tools-for-stm32.13.3.rel1.linux64_1.0.0.202410170706/tools/bin/../lib/gcc/arm-none-eabi/13.3.1/../../../../arm-none-eabi/lib/thumb/v7e-m+fp/hard/libc_nano.a(libc_a-nano-svfprintf.o)
 .ARM.attributes
                0x0000087a       0x34 /home/christopher/st/stm32cubeide_1.19.0_2/plugins/com.st.stm32cube.ide.mcu.externaltools.gnu-tools-for-stm32.13.3.rel1.linux64_1.0.0.202410170706/tools/bin/../lib/gcc/arm-none-eabi/13.3.1/../../../../arm-none-eabi/lib/thumb/v7e-m+fp/hard/libc_nano.a(libc_a-nano-vfprintf_i.o)
 .ARM.attributes
                0x000008ae       0x34 /home/christopher/st/stm32cubeide_1.19.0_2/plugins/com.st.stm32cube.ide.mcu.externaltools.gnu-tools-for-stm32.13.3.rel1.linux64_1.0.0.202410170706/tools/bin/../lib/gcc/arm-none-eabi/13.3.1/../../../../arm-none-eabi/lib/thumb/v7e-m+fp/hard/libc_nano.a(libc_a-fflush.o)
 .ARM.attributes
                0x000008e2       0x34 /home/christopher/st/stm32cubeide_1.19.0_2/plugins/com.st.stm32cube.ide.mcu.externaltools.gnu-tools-for-stm32.13.3.rel1.linux64_1.0.0.202410170706/tools/bin/../lib/gcc/arm-none-eabi/13.3.1/../../../../arm-none-eabi/lib/thumb/v7e-m+fp/hard/libc_nano.a(libc_a-makebuf.o)
 .ARM.attributes
                0x00000916       0x34 /home/christopher/st/stm32cubeide_1.19.0_2/plugins/com.st.stm32cube.ide.mcu.externaltools.gnu-tools-for-stm32.13.3.rel1.linux64_1.0.0.202410170706/tools/bin/../lib/gcc/arm-none-eabi/13.3.1/../../../../arm-none-eabi/lib/thumb/v7e-m+fp/hard/libc_nano.a(libc_a-memmove.o)
 .ARM.attributes
                0x0000094a       0x34 /home/christopher/st/stm32cubeide_1.19.0_2/plugins/com.st.stm32cube.ide.mcu.externaltools.gnu-tools-for-stm32.13.3.rel1.linux64_1.0.0.202410170706/tools/bin/../lib/gcc/arm-none-eabi/13.3.1/../../../../arm-none-eabi/lib/thumb/v7e-m+fp/hard/libc_nano.a(libc_a-fstatr.o)
 .ARM.attributes
                0x0000097e       0x34 /home/christopher/st/stm32cubeide_1.19.0_2/plugins/com.st.stm32cube.ide.mcu.externaltools.gnu-tools-for-stm32.13.3.rel1.linux64_1.0.0.202410170706/tools/bin/../lib/gcc/arm-none-eabi/13.3.1/../../../../arm-none-eabi/lib/thumb/v7e-m+fp/hard/libc_nano.a(libc_a-isattyr.o)
 .ARM.attributes
                0x000009b2       0x34 /home/christopher/st/stm32cubeide_1.19.0_2/plugins/com.st.stm32cube.ide.mcu.externaltools.gnu-tools-for-stm32.13.3.rel1.linux64_1.0.0.202410170706/tools/bin/../lib/gcc/arm-none-eabi/13.3.1/../../../../arm-none-eabi/lib/thumb/v7e-m+fp/hard/libc_nano.a(libc_a-sbrkr.o)
 .ARM.attributes
                0x000009e6       0x1c /home/christopher/st/stm32cubeide_1.19.0_2/plugins/com.st.stm32cube.ide.mcu.externaltools.gnu-tools-for-stm32.13.3.rel1.linux64_1.0.0.202410170706/tools/bin/../lib/gcc/arm-none-eabi/13.3.1/../../../../arm-none-eabi/lib/thumb/v7e-m+fp/hard/libc_nano.a(libc_a-memchr.o)
 .ARM.attributes
                0x00000a02       0x34 /home/christopher/st/stm32cubeide_1.19.0_2/plugins/com.st.stm32cube.ide.mcu.externaltools.gnu-tools-for-stm32.13.3.rel1.linux64_1.0.0.202410170706/tools/bin/../lib/gcc/arm-none-eabi/13.3.1/../../../../arm-none-eabi/lib/thumb/v7e-m+fp/hard/libc_nano.a(libc_a-reallocr.o)
 .ARM.attributes
                0x00000a36       0x34 /home/christopher/st/stm32cubeide_1.19.0_2/plugins/com.st.stm32cube.ide.mcu.externaltools.gnu-tools-for-stm32.13.3.rel1.linux64_1.0.0.202410170706/tools/bin/../lib/gcc/arm-none-eabi/13.3.1/../../../../arm-none-eabi/lib/thumb/v7e-m+fp/hard/libc_nano.a(libc_a-msizer.o)
 .ARM.attributes
                0x00000a6a       0x22 /home/christopher/st/stm32cubeide_1.19.0_2/plugins/com.st.stm32cube.ide.mcu.externaltools.gnu-tools-for-stm32.13.3.rel1.linux64_1.0.0.202410170706/tools/bin/../lib/gcc/arm-none-eabi/13.3.1/thumb/v7e-m+fp/hard/libgcc.a(_aeabi_uldivmod.o)
 .ARM.attributes
                0x00000a8c       0x34 /home/christopher/st/stm32cubeide_1.19.0_2/plugins/com.st.stm32cube.ide.mcu.externaltools.gnu-tools-for-stm32.13.3.rel1.linux64_1.0.0.202410170706/tools/bin/../lib/gcc/arm-none-eabi/13.3.1/thumb/v7e-m+fp/hard/libgcc.a(_udivmoddi4.o)
 .ARM.attributes
                0x00000ac0       0x22 /home/christopher/st/stm32cubeide_1.19.0_2/plugins/com.st.stm32cube.ide.mcu.externaltools.gnu-tools-for-stm32.13.3.rel1.linux64_1.0.0.202410170706/tools/bin/../lib/gcc/arm-none-eabi/13.3.1/thumb/v7e-m+fp/hard/libgcc.a(_dvmd_tls.o)
 .ARM.attributes
                0x00000ae2       0x34 /home/christopher/st/stm32cubeide_1.19.0_2/plugins/com.st.stm32cube.ide.mcu.externaltools.gnu-tools-for-stm32.13.3.rel1.linux64_1.0.0.202410170706/tools/bin/../lib/gcc/arm-none-eabi/13.3.1/../../../../arm-none-eabi/lib/thumb/v7e-m+fp/hard/libnosys.a(sbrk.o)
 .ARM.attributes
                0x00000b16       0x22 /home/christopher/st/stm32cubeide_1.19.0_2/plugins/com.st.stm32cube.ide.mcu.externaltools.gnu-tools-for-stm32.13.3.rel1.linux64_1.0.0.202410170706/tools/bin/../lib/gcc/arm-none-eabi/13.3.1/thumb/v7e-m+fp/hard/crtn.o
OUTPUT(STMPublisher.elf elf32-littlearm)
LOAD linker stubs
LOAD /home/christopher/st/stm32cubeide_1.19.0_2/plugins/com.st.stm32cube.ide.mcu.externaltools.gnu-tools-for-stm32.13.3.rel1.linux64_1.0.0.202410170706/tools/bin/../lib/gcc/arm-none-eabi/13.3.1/../../../../arm-none-eabi/lib/thumb/v7e-m+fp/hard/libc.a
LOAD /home/christopher/st/stm32cubeide_1.19.0_2/plugins/com.st.stm32cube.ide.mcu.externaltools.gnu-tools-for-stm32.13.3.rel1.linux64_1.0.0.202410170706/tools/bin/../lib/gcc/arm-none-eabi/13.3.1/../../../../arm-none-eabi/lib/thumb/v7e-m+fp/hard/libm.a
LOAD /home/christopher/st/stm32cubeide_1.19.0_2/plugins/com.st.stm32cube.ide.mcu.externaltools.gnu-tools-for-stm32.13.3.rel1.linux64_1.0.0.202410170706/tools/bin/../lib/gcc/arm-none-eabi/13.3.1/thumb/v7e-m+fp/hard/libgcc.a

.debug_info     0x00000000    0x1431b
 .debug_info    0x00000000     0x1b8f ./Core/Src/main.o
 .debug_info    0x00001b8f     0x154f ./Core/Src/stm32l4xx_hal_msp.o
 .debug_info    0x000030de      0x15c ./Core/Src/stm32l4xx_it.o
 .debug_info    0x0000323a      0x5e9 ./Core/Src/system_stm32l4xx.o
 .debug_info    0x00003823       0x30 ./Core/Startup/startup_stm32l4s5vitx.o
 .debug_info    0x00003853     0x1cf8 ./Drivers/BSP/B-L4S5I-IOT01/stm32l4s5i_iot01.o
 .debug_info    0x0000554b      0x32e ./Drivers/BSP/B-L4S5I-IOT01/stm32l4s5i_iot01_accelero.o
 .debug_info    0x00005879      0x5b9 ./Drivers/BSP/Components/lsm6dsl/lsm6dsl.o
 .debug_info    0x00005e32      0xb4f ./Drivers/STM32L4xx_HAL_Driver/Src/stm32l4xx_hal.o
 .debug_info    0x00006981      0xd9f ./Drivers/STM32L4xx_HAL_Driver/Src/stm32l4xx_hal_cortex.o
 .debug_info    0x00007720      0x787 ./Drivers/STM32L4xx_HAL_Driver/Src/stm32l4xx_hal_gpio.o
 .debug_info    0x00007ea7     0x21ea ./Drivers/STM32L4xx_HAL_Driver/Src/stm32l4xx_hal_i2c.o
 .debug_info    0x0000a091      0xafd ./Drivers/STM32L4xx_HAL_Driver/Src/stm32l4xx_hal_i2c_ex.o
 .debug_info    0x0000ab8e      0xa0a ./Drivers/STM32L4xx_HAL_Driver/Src/stm32l4xx_hal_pwr_ex.o
 .debug_info    0x0000b598      0xd32 ./Drivers/STM32L4xx_HAL_Driver/Src/stm32l4xx_hal_rcc.o
 .debug_info    0x0000c2ca     0x1167 ./Drivers/STM32L4xx_HAL_Driver/Src/stm32l4xx_hal_rcc_ex.o
 .debug_info    0x0000d431     0x165d ./Drivers/STM32L4xx_HAL_Driver/Src/stm32l4xx_hal_spi.o
 .debug_info    0x0000ea8e     0x4875 ./Drivers/STM32L4xx_HAL_Driver/Src/stm32l4xx_hal_uart.o
 .debug_info    0x00013303     0x1018 ./Drivers/STM32L4xx_HAL_Driver/Src/stm32l4xx_hal_uart_ex.o

.debug_abbrev   0x00000000     0x2889
 .debug_abbrev  0x00000000      0x329 ./Core/Src/main.o
 .debug_abbrev  0x00000329      0x209 ./Core/Src/stm32l4xx_hal_msp.o
 .debug_abbrev  0x00000532       0xa0 ./Core/Src/stm32l4xx_it.o
 .debug_abbrev  0x000005d2      0x11a ./Core/Src/system_stm32l4xx.o
 .debug_abbrev  0x000006ec       0x24 ./Core/Startup/startup_stm32l4s5vitx.o
 .debug_abbrev  0x00000710      0x317 ./Drivers/BSP/B-L4S5I-IOT01/stm32l4s5i_iot01.o
 .debug_abbrev  0x00000a27      0x148 ./Drivers/BSP/B-L4S5I-IOT01/stm32l4s5i_iot01_accelero.o
 .debug_abbrev  0x00000b6f      0x1fe ./Drivers/BSP/Components/lsm6dsl/lsm6dsl.o
 .debug_abbrev  0x00000d6d      0x242 ./Drivers/STM32L4xx_HAL_Driver/Src/stm32l4xx_hal.o
 .debug_abbrev  0x00000faf      0x31c ./Drivers/STM32L4xx_HAL_Driver/Src/stm32l4xx_hal_cortex.o
 .debug_abbrev  0x000012cb      0x1cb ./Drivers/STM32L4xx_HAL_Driver/Src/stm32l4xx_hal_gpio.o
 .debug_abbrev  0x00001496      0x25e ./Drivers/STM32L4xx_HAL_Driver/Src/stm32l4xx_hal_i2c.o
 .debug_abbrev  0x000016f4      0x1c0 ./Drivers/STM32L4xx_HAL_Driver/Src/stm32l4xx_hal_i2c_ex.o
 .debug_abbrev  0x000018b4      0x1f9 ./Drivers/STM32L4xx_HAL_Driver/Src/stm32l4xx_hal_pwr_ex.o
 .debug_abbrev  0x00001aad      0x306 ./Drivers/STM32L4xx_HAL_Driver/Src/stm32l4xx_hal_rcc.o
 .debug_abbrev  0x00001db3      0x2a3 ./Drivers/STM32L4xx_HAL_Driver/Src/stm32l4xx_hal_rcc_ex.o
 .debug_abbrev  0x00002056      0x25d ./Drivers/STM32L4xx_HAL_Driver/Src/stm32l4xx_hal_spi.o
 .debug_abbrev  0x000022b3      0x304 ./Drivers/STM32L4xx_HAL_Driver/Src/stm32l4xx_hal_uart.o
 .debug_abbrev  0x000025b7      0x2d2 ./Drivers/STM32L4xx_HAL_Driver/Src/stm32l4xx_hal_uart_ex.o

.debug_aranges  0x00000000     0x10e8
 .debug_aranges
                0x00000000       0xa0 ./Core/Src/main.o
 .debug_aranges
                0x000000a0       0x50 ./Core/Src/stm32l4xx_hal_msp.o
 .debug_aranges
                0x000000f0       0x70 ./Core/Src/stm32l4xx_it.o
 .debug_aranges
                0x00000160       0x28 ./Core/Src/system_stm32l4xx.o
 .debug_aranges
                0x00000188       0x28 ./Core/Startup/startup_stm32l4s5vitx.o
 .debug_aranges
                0x000001b0      0x120 ./Drivers/BSP/B-L4S5I-IOT01/stm32l4s5i_iot01.o
 .debug_aranges
                0x000002d0       0x38 ./Drivers/BSP/B-L4S5I-IOT01/stm32l4s5i_iot01_accelero.o
 .debug_aranges
                0x00000308       0x68 ./Drivers/BSP/Components/lsm6dsl/lsm6dsl.o
 .debug_aranges
                0x00000370      0x130 ./Drivers/STM32L4xx_HAL_Driver/Src/stm32l4xx_hal.o
 .debug_aranges
                0x000004a0      0x128 ./Drivers/STM32L4xx_HAL_Driver/Src/stm32l4xx_hal_cortex.o
 .debug_aranges
                0x000005c8       0x58 ./Drivers/STM32L4xx_HAL_Driver/Src/stm32l4xx_hal_gpio.o
 .debug_aranges
                0x00000620      0x2a0 ./Drivers/STM32L4xx_HAL_Driver/Src/stm32l4xx_hal_i2c.o
 .debug_aranges
                0x000008c0       0x48 ./Drivers/STM32L4xx_HAL_Driver/Src/stm32l4xx_hal_i2c_ex.o
 .debug_aranges
                0x00000908      0x170 ./Drivers/STM32L4xx_HAL_Driver/Src/stm32l4xx_hal_pwr_ex.o
 .debug_aranges
                0x00000a78       0x98 ./Drivers/STM32L4xx_HAL_Driver/Src/stm32l4xx_hal_rcc.o
 .debug_aranges
                0x00000b10      0x110 ./Drivers/STM32L4xx_HAL_Driver/Src/stm32l4xx_hal_rcc_ex.o
 .debug_aranges
                0x00000c20      0x1d8 ./Drivers/STM32L4xx_HAL_Driver/Src/stm32l4xx_hal_spi.o
 .debug_aranges
                0x00000df8      0x248 ./Drivers/STM32L4xx_HAL_Driver/Src/stm32l4xx_hal_uart.o
 .debug_aranges
                0x00001040       0xa8 ./Drivers/STM32L4xx_HAL_Driver/Src/stm32l4xx_hal_uart_ex.o

.debug_rnglists
                0x00000000      0xd2a
 .debug_rnglists
                0x00000000       0x84 ./Core/Src/main.o
 .debug_rnglists
                0x00000084       0x3a ./Core/Src/stm32l4xx_hal_msp.o
 .debug_rnglists
                0x000000be       0x4f ./Core/Src/stm32l4xx_it.o
 .debug_rnglists
                0x0000010d       0x1a ./Core/Src/system_stm32l4xx.o
 .debug_rnglists
                0x00000127       0x19 ./Core/Startup/startup_stm32l4s5vitx.o
 .debug_rnglists
                0x00000140       0xd6 ./Drivers/BSP/B-L4S5I-IOT01/stm32l4s5i_iot01.o
 .debug_rnglists
                0x00000216       0x26 ./Drivers/BSP/B-L4S5I-IOT01/stm32l4s5i_iot01_accelero.o
 .debug_rnglists
                0x0000023c       0x4b ./Drivers/BSP/Components/lsm6dsl/lsm6dsl.o
 .debug_rnglists
                0x00000287       0xdf ./Drivers/STM32L4xx_HAL_Driver/Src/stm32l4xx_hal.o
 .debug_rnglists
                0x00000366       0xda ./Drivers/STM32L4xx_HAL_Driver/Src/stm32l4xx_hal_cortex.o
 .debug_rnglists
                0x00000440       0x3f ./Drivers/STM32L4xx_HAL_Driver/Src/stm32l4xx_hal_gpio.o
 .debug_rnglists
                0x0000047f      0x228 ./Drivers/STM32L4xx_HAL_Driver/Src/stm32l4xx_hal_i2c.o
 .debug_rnglists
                0x000006a7       0x35 ./Drivers/STM32L4xx_HAL_Driver/Src/stm32l4xx_hal_i2c_ex.o
 .debug_rnglists
                0x000006dc      0x115 ./Drivers/STM32L4xx_HAL_Driver/Src/stm32l4xx_hal_pwr_ex.o
 .debug_rnglists
                0x000007f1       0x74 ./Drivers/STM32L4xx_HAL_Driver/Src/stm32l4xx_hal_rcc.o
 .debug_rnglists
                0x00000865       0xd4 ./Drivers/STM32L4xx_HAL_Driver/Src/stm32l4xx_hal_rcc_ex.o
 .debug_rnglists
                0x00000939      0x178 ./Drivers/STM32L4xx_HAL_Driver/Src/stm32l4xx_hal_spi.o
 .debug_rnglists
                0x00000ab1      0x1fa ./Drivers/STM32L4xx_HAL_Driver/Src/stm32l4xx_hal_uart.o
 .debug_rnglists
                0x00000cab       0x7f ./Drivers/STM32L4xx_HAL_Driver/Src/stm32l4xx_hal_uart_ex.o

.debug_macro    0x00000000    0x2b397
 .debug_macro   0x00000000      0x335 ./Core/Src/main.o
 .debug_macro   0x00000335      0xad8 ./Core/Src/main.o
 .debug_macro   0x00000e0d      0x1ad ./Core/Src/main.o
 .debug_macro   0x00000fba       0x2e ./Core/Src/main.o
 .debug_macro   0x00000fe8       0x28 ./Core/Src/main.o
 .debug_macro   0x00001010       0x22 ./Core/Src/main.o
 .debug_macro   0x00001032       0x8e ./Core/Src/main.o
 .debug_macro   0x000010c0       0x51 ./Core/Src/main.o
 .debug_macro   0x00001111      0x103 ./Core/Src/main.o
 .debug_macro   0x00001214       0x6a ./Core/Src/main.o
 .debug_macro   0x0000127e      0x1df ./Core/Src/main.o
 .debug_macro   0x0000145d       0x1c ./Core/Src/main.o
 .debug_macro   0x00001479       0x22 ./Core/Src/main.o
 .debug_macro   0x0000149b       0xfb ./Core/Src/main.o
 .debug_macro   0x00001596     0x1011 ./Core/Src/main.o
 .debug_macro   0x000025a7      0x11f ./Core/Src/main.o
 .debug_macro   0x000026c6    0x1d292 ./Core/Src/main.o
 .debug_macro   0x0001f958       0x6d ./Core/Src/main.o
 .debug_macro   0x0001f9c5     0x3902 ./Core/Src/main.o
 .debug_macro   0x000232c7      0x190 ./Core/Src/main.o
 .debug_macro   0x00023457       0x5c ./Core/Src/main.o
 .debug_macro   0x000234b3     0x1910 ./Core/Src/main.o
 .debug_macro   0x00024dc3      0x7dc ./Core/Src/main.o
 .debug_macro   0x0002559f      0x1b9 ./Core/Src/main.o
 .debug_macro   0x00025758      0x225 ./Core/Src/main.o
 .debug_macro   0x0002597d      0x486 ./Core/Src/main.o
 .debug_macro   0x00025e03      0x1ce ./Core/Src/main.o
 .debug_macro   0x00025fd1       0x43 ./Core/Src/main.o
 .debug_macro   0x00026014      0x23d ./Core/Src/main.o
 .debug_macro   0x00026251      0x241 ./Core/Src/main.o
 .debug_macro   0x00026492      0x416 ./Core/Src/main.o
 .debug_macro   0x000268a8       0x1c ./Core/Src/main.o
 .debug_macro   0x000268c4       0xf2 ./Core/Src/main.o
 .debug_macro   0x000269b6      0x22c ./Core/Src/main.o
 .debug_macro   0x00026be2       0x61 ./Core/Src/main.o
 .debug_macro   0x00026c43       0xa5 ./Core/Src/main.o
 .debug_macro   0x00026ce8      0x122 ./Core/Src/main.o
 .debug_macro   0x00026e0a      0x3f6 ./Core/Src/main.o
 .debug_macro   0x00027200      0x2fe ./Core/Src/main.o
 .debug_macro   0x000274fe      0x693 ./Core/Src/main.o
 .debug_macro   0x00027b91       0xa6 ./Core/Src/main.o
 .debug_macro   0x00027c37      0x432 ./Core/Src/main.o
 .debug_macro   0x00028069       0x22 ./Core/Src/main.o
 .debug_macro   0x0002808b       0x61 ./Core/Src/main.o
 .debug_macro   0x000280ec       0x2a ./Core/Src/main.o
 .debug_macro   0x00028116       0x43 ./Core/Src/main.o
 .debug_macro   0x00028159       0x34 ./Core/Src/main.o
 .debug_macro   0x0002818d       0x16 ./Core/Src/main.o
 .debug_macro   0x000281a3       0x3c ./Core/Src/main.o
 .debug_macro   0x000281df      0x370 ./Core/Src/main.o
 .debug_macro   0x0002854f       0x10 ./Core/Src/main.o
 .debug_macro   0x0002855f       0x16 ./Core/Src/main.o
 .debug_macro   0x00028575       0x4a ./Core/Src/main.o
 .debug_macro   0x000285bf       0x34 ./Core/Src/main.o
 .debug_macro   0x000285f3       0x10 ./Core/Src/main.o
 .debug_macro   0x00028603       0x58 ./Core/Src/main.o
 .debug_macro   0x0002865b       0x8e ./Core/Src/main.o
 .debug_macro   0x000286e9       0x1c ./Core/Src/main.o
 .debug_macro   0x00028705      0x185 ./Core/Src/main.o
 .debug_macro   0x0002888a       0x16 ./Core/Src/main.o
 .debug_macro   0x000288a0       0x16 ./Core/Src/main.o
 .debug_macro   0x000288b6      0x146 ./Core/Src/main.o
 .debug_macro   0x000289fc       0x16 ./Core/Src/main.o
 .debug_macro   0x00028a12       0x20 ./Core/Src/main.o
 .debug_macro   0x00028a32      0x1d5 ./Core/Src/main.o
 .debug_macro   0x00028c07      0x428 ./Core/Src/main.o
 .debug_macro   0x0002902f      0x1f7 ./Core/Src/stm32l4xx_hal_msp.o
 .debug_macro   0x00029226      0x201 ./Core/Src/stm32l4xx_it.o
 .debug_macro   0x00029427      0x1e8 ./Core/Src/system_stm32l4xx.o
 .debug_macro   0x0002960f      0x215 ./Drivers/BSP/B-L4S5I-IOT01/stm32l4s5i_iot01.o
 .debug_macro   0x00029824      0x1cf ./Drivers/BSP/B-L4S5I-IOT01/stm32l4s5i_iot01.o
 .debug_macro   0x000299f3      0x224 ./Drivers/BSP/B-L4S5I-IOT01/stm32l4s5i_iot01_accelero.o
 .debug_macro   0x00029c17       0x86 ./Drivers/BSP/Components/lsm6dsl/lsm6dsl.o
 .debug_macro   0x00029c9d      0x236 ./Drivers/STM32L4xx_HAL_Driver/Src/stm32l4xx_hal.o
 .debug_macro   0x00029ed3      0x1e8 ./Drivers/STM32L4xx_HAL_Driver/Src/stm32l4xx_hal_cortex.o
 .debug_macro   0x0002a0bb      0x1ef ./Drivers/STM32L4xx_HAL_Driver/Src/stm32l4xx_hal_gpio.o
 .debug_macro   0x0002a2aa      0x2b4 ./Drivers/STM32L4xx_HAL_Driver/Src/stm32l4xx_hal_i2c.o
 .debug_macro   0x0002a55e      0x1e8 ./Drivers/STM32L4xx_HAL_Driver/Src/stm32l4xx_hal_i2c_ex.o
 .debug_macro   0x0002a746      0x212 ./Drivers/STM32L4xx_HAL_Driver/Src/stm32l4xx_hal_pwr_ex.o
 .debug_macro   0x0002a958      0x22a ./Drivers/STM32L4xx_HAL_Driver/Src/stm32l4xx_hal_rcc.o
 .debug_macro   0x0002ab82      0x21e ./Drivers/STM32L4xx_HAL_Driver/Src/stm32l4xx_hal_rcc_ex.o
 .debug_macro   0x0002ada0      0x1f0 ./Drivers/STM32L4xx_HAL_Driver/Src/stm32l4xx_hal_spi.o
 .debug_macro   0x0002af90      0x213 ./Drivers/STM32L4xx_HAL_Driver/Src/stm32l4xx_hal_uart.o
 .debug_macro   0x0002b1a3      0x1f4 ./Drivers/STM32L4xx_HAL_Driver/Src/stm32l4xx_hal_uart_ex.o

.debug_line     0x00000000    0x13dc3
 .debug_line    0x00000000      0xda9 ./Core/Src/main.o
 .debug_line    0x00000da9      0x829 ./Core/Src/stm32l4xx_hal_msp.o
 .debug_line    0x000015d2      0x7f3 ./Core/Src/stm32l4xx_it.o
 .debug_line    0x00001dc5      0x7b1 ./Core/Src/system_stm32l4xx.o
 .debug_line    0x00002576       0x7a ./Core/Startup/startup_stm32l4s5vitx.o
 .debug_line    0x000025f0      0xbcb ./Drivers/BSP/B-L4S5I-IOT01/stm32l4s5i_iot01.o
 .debug_line    0x000031bb      0x8a0 ./Drivers/BSP/B-L4S5I-IOT01/stm32l4s5i_iot01_accelero.o
 .debug_line    0x00003a5b      0x639 ./Drivers/BSP/Components/lsm6dsl/lsm6dsl.o
 .debug_line    0x00004094      0xb19 ./Drivers/STM32L4xx_HAL_Driver/Src/stm32l4xx_hal.o
 .debug_line    0x00004bad      0xcb4 ./Drivers/STM32L4xx_HAL_Driver/Src/stm32l4xx_hal_cortex.o
 .debug_line    0x00005861      0xb55 ./Drivers/STM32L4xx_HAL_Driver/Src/stm32l4xx_hal_gpio.o
 .debug_line    0x000063b6     0x371a ./Drivers/STM32L4xx_HAL_Driver/Src/stm32l4xx_hal_i2c.o
 .debug_line    0x00009ad0      0x879 ./Drivers/STM32L4xx_HAL_Driver/Src/stm32l4xx_hal_i2c_ex.o
 .debug_line    0x0000a349      0xd70 ./Drivers/STM32L4xx_HAL_Driver/Src/stm32l4xx_hal_pwr_ex.o
 .debug_line    0x0000b0b9     0x115e ./Drivers/STM32L4xx_HAL_Driver/Src/stm32l4xx_hal_rcc.o
 .debug_line    0x0000c217     0x1998 ./Drivers/STM32L4xx_HAL_Driver/Src/stm32l4xx_hal_rcc_ex.o
 .debug_line    0x0000dbaf     0x1ff9 ./Drivers/STM32L4xx_HAL_Driver/Src/stm32l4xx_hal_spi.o
 .debug_line    0x0000fba8     0x359a ./Drivers/STM32L4xx_HAL_Driver/Src/stm32l4xx_hal_uart.o
 .debug_line    0x00013142      0xc81 ./Drivers/STM32L4xx_HAL_Driver/Src/stm32l4xx_hal_uart_ex.o

.debug_str      0x00000000   0x1071af
 .debug_str     0x00000000   0x1071af ./Core/Src/main.o
                             0x102fbd (size before relaxing)
 .debug_str     0x001071af    0xfccfd ./Core/Src/stm32l4xx_hal_msp.o
 .debug_str     0x001071af    0xfbed5 ./Core/Src/stm32l4xx_it.o