../Core/Src/main.c:79:5:_write	1
../Core/Src/main.c:85:5:_read	1
../Core/Src/main.c:90:5:_close	1
../Core/Src/main.c:91:5:_lseek	1
../Core/Src/main.c:92:5:_fstat	1
../Core/Src/main.c:93:5:_isatty	1
../Core/Src/main.c:94:5:__io_putchar	1
../Core/Src/main.c:100:6:UART_Print	1
../Core/Src/main.c:105:6:Accel_ReadAndUpdateReps	8
../Core/Src/main.c:146:6:HAL_GPIO_EXTI_Callback	5
../Core/Src/main.c:172:5:main	1
../Core/Src/main.c:221:6:SystemClock_Config	4
../Core/Src/main.c:272:13:MX_I2C1_Init	4
../Core/Src/main.c:320:13:MX_SPI3_Init	2
../Core/Src/main.c:360:13:MX_USART1_UART_Init	5
../Core/Src/main.c:408:13:MX_GPIO_Init	1
../Core/Src/main.c:469:6:Error_Handler	1
