../Core/Src/main.c:99:5:_write	1
../Core/Src/main.c:105:5:_read	1
../Core/Src/main.c:110:5:_close	1
../Core/Src/main.c:111:5:_lseek	1
../Core/Src/main.c:112:5:_fstat	1
../Core/Src/main.c:113:5:_isatty	1
../Core/Src/main.c:114:5:__io_putchar	1
../Core/Src/main.c:120:6:UART_Print	1
../Core/Src/main.c:125:6:Accel_ReadAndUpdateReps	8
../Core/Src/main.c:167:6:HAL_GPIO_EXTI_Callback	5
../Core/Src/main.c:194:5:main	4
../Core/Src/main.c:269:6:SystemClock_Config	4
../Core/Src/main.c:320:13:MX_I2C1_Init	4
../Core/Src/main.c:368:13:MX_SPI3_Init	2
../Core/Src/main.c:408:13:MX_USART1_UART_Init	5
../Core/Src/main.c:456:13:MX_GPIO_Init	1
../Core/Src/main.c:517:6:Error_Handler	1
